09:31:30.057 1010 [main] DEBUG io.humble.ferry.JNILibrary - Failure: library load of library: humblevideo; url: /var/folders/7s/fhgvprvd0r151k1vz2zj84fw0000gn/T/humble8159605448402668524.tmp; error: {} 
java.lang.UnsatisfiedLinkError: /private/var/folders/7s/fhgvprvd0r151k1vz2zj84fw0000gn/T/humble8159605448402668524.tmp: dlopen(/private/var/folders/7s/fhgvprvd0r151k1vz2zj84fw0000gn/T/humble8159605448402668524.tmp, 1): no suitable image found.  Did find:
	/private/var/folders/7s/fhgvprvd0r151k1vz2zj84fw0000gn/T/humble8159605448402668524.tmp: mach-o, but wrong architecture
	at java.lang.ClassLoader$NativeLibrary.load(Native Method) ~[na:1.7.0_67]
	at java.lang.ClassLoader.loadLibrary1(ClassLoader.java:1965) ~[na:1.7.0_67]
	at java.lang.ClassLoader.loadLibrary0(ClassLoader.java:1890) ~[na:1.7.0_67]
	at java.lang.ClassLoader.loadLibrary(ClassLoader.java:1851) ~[na:1.7.0_67]
	at java.lang.Runtime.load0(Runtime.java:795) ~[na:1.7.0_67]
	at java.lang.System.load(System.java:1062) ~[na:1.7.0_67]
	at io.humble.ferry.JNILibrary.doJNILoad(JNILibrary.java:203) [humble-video-noarch-0.2.0.jar:0.2.0]
	at io.humble.ferry.JNILibrary.unpackLibrary(JNILibrary.java:287) [humble-video-noarch-0.2.0.jar:0.2.0]
	at io.humble.ferry.JNILibrary.loadFromClasspath(JNILibrary.java:189) [humble-video-noarch-0.2.0.jar:0.2.0]
	at io.humble.ferry.JNILibrary.load(JNILibrary.java:168) [humble-video-noarch-0.2.0.jar:0.2.0]
	at io.humble.ferry.JNILibrary.load(JNILibrary.java:149) [humble-video-noarch-0.2.0.jar:0.2.0]
	at io.humble.ferry.FerryJNI.<clinit>(FerryJNI.java:16) [humble-video-noarch-0.2.0.jar:0.2.0]
	at io.humble.ferry.Ferry.<clinit>(Ferry.java:24) [humble-video-noarch-0.2.0.jar:0.2.0]
	at io.humble.video.VideoJNI.<clinit>(VideoJNI.java:19) [humble-video-noarch-0.2.0.jar:0.2.0]
	at io.humble.video.Demuxer.make(Demuxer.java:128) [humble-video-noarch-0.2.0.jar:0.2.0]
	at GetContainerInfo.getInfo(GetContainerInfo.java:35) [classes/:na]
	at GetContainerInfo.main(GetContainerInfo.java:133) [classes/:na]
	at sun.reflect.NativeMethodAccessorImpl.invoke0(Native Method) ~[na:1.7.0_67]
	at sun.reflect.NativeMethodAccessorImpl.invoke(NativeMethodAccessorImpl.java:57) ~[na:1.7.0_67]
	at sun.reflect.DelegatingMethodAccessorImpl.invoke(DelegatingMethodAccessorImpl.java:43) ~[na:1.7.0_67]
	at java.lang.reflect.Method.invoke(Method.java:606) ~[na:1.7.0_67]
	at com.intellij.rt.execution.application.AppMain.main(AppMain.java:134) [idea_rt.jar:na]
11:19:57.569 665  [main] DEBUG io.humble.ferry.JNILibrary - Failure: library load of library: humblevideo; url: /var/folders/7s/fhgvprvd0r151k1vz2zj84fw0000gn/T/humble5591538649915340488.tmp; error: {} 
java.lang.UnsatisfiedLinkError: /private/var/folders/7s/fhgvprvd0r151k1vz2zj84fw0000gn/T/humble5591538649915340488.tmp: dlopen(/private/var/folders/7s/fhgvprvd0r151k1vz2zj84fw0000gn/T/humble5591538649915340488.tmp, 1): no suitable image found.  Did find:
	/private/var/folders/7s/fhgvprvd0r151k1vz2zj84fw0000gn/T/humble5591538649915340488.tmp: mach-o, but wrong architecture
	at java.lang.ClassLoader$NativeLibrary.load(Native Method) ~[na:1.7.0_67]
	at java.lang.ClassLoader.loadLibrary1(ClassLoader.java:1965) ~[na:1.7.0_67]
	at java.lang.ClassLoader.loadLibrary0(ClassLoader.java:1890) ~[na:1.7.0_67]
	at java.lang.ClassLoader.loadLibrary(ClassLoader.java:1851) ~[na:1.7.0_67]
	at java.lang.Runtime.load0(Runtime.java:795) ~[na:1.7.0_67]
	at java.lang.System.load(System.java:1062) ~[na:1.7.0_67]
	at io.humble.ferry.JNILibrary.doJNILoad(JNILibrary.java:203) [humble-video-noarch-0.2.0.jar:0.2.0]
	at io.humble.ferry.JNILibrary.unpackLibrary(JNILibrary.java:287) [humble-video-noarch-0.2.0.jar:0.2.0]
	at io.humble.ferry.JNILibrary.loadFromClasspath(JNILibrary.java:189) [humble-video-noarch-0.2.0.jar:0.2.0]
	at io.humble.ferry.JNILibrary.load(JNILibrary.java:168) [humble-video-noarch-0.2.0.jar:0.2.0]
	at io.humble.ferry.JNILibrary.load(JNILibrary.java:149) [humble-video-noarch-0.2.0.jar:0.2.0]
	at io.humble.ferry.FerryJNI.<clinit>(FerryJNI.java:16) [humble-video-noarch-0.2.0.jar:0.2.0]
	at io.humble.ferry.Ferry.<clinit>(Ferry.java:24) [humble-video-noarch-0.2.0.jar:0.2.0]
	at io.humble.video.VideoJNI.<clinit>(VideoJNI.java:19) [humble-video-noarch-0.2.0.jar:0.2.0]
	at io.humble.video.Demuxer.make(Demuxer.java:128) [humble-video-noarch-0.2.0.jar:0.2.0]
	at DecodeAndPlayAudio.playSound(DecodeAndPlayAudio.java:41) [classes/:na]
	at DecodeAndPlayAudio.main(DecodeAndPlayAudio.java:141) [classes/:na]
	at sun.reflect.NativeMethodAccessorImpl.invoke0(Native Method) ~[na:1.7.0_67]
	at sun.reflect.NativeMethodAccessorImpl.invoke(NativeMethodAccessorImpl.java:57) ~[na:1.7.0_67]
	at sun.reflect.DelegatingMethodAccessorImpl.invoke(DelegatingMethodAccessorImpl.java:43) ~[na:1.7.0_67]
	at java.lang.reflect.Method.invoke(Method.java:606) ~[na:1.7.0_67]
	at com.intellij.rt.execution.application.AppMain.main(AppMain.java:134) [idea_rt.jar:na]
11:20:49.301 571  [main] DEBUG io.humble.ferry.JNILibrary - Failure: library load of library: humblevideo; url: /var/folders/7s/fhgvprvd0r151k1vz2zj84fw0000gn/T/humble4273727691357169746.tmp; error: {} 
java.lang.UnsatisfiedLinkError: /private/var/folders/7s/fhgvprvd0r151k1vz2zj84fw0000gn/T/humble4273727691357169746.tmp: dlopen(/private/var/folders/7s/fhgvprvd0r151k1vz2zj84fw0000gn/T/humble4273727691357169746.tmp, 1): no suitable image found.  Did find:
	/private/var/folders/7s/fhgvprvd0r151k1vz2zj84fw0000gn/T/humble4273727691357169746.tmp: mach-o, but wrong architecture
	at java.lang.ClassLoader$NativeLibrary.load(Native Method) ~[na:1.7.0_67]
	at java.lang.ClassLoader.loadLibrary1(ClassLoader.java:1965) ~[na:1.7.0_67]
	at java.lang.ClassLoader.loadLibrary0(ClassLoader.java:1890) ~[na:1.7.0_67]
	at java.lang.ClassLoader.loadLibrary(ClassLoader.java:1851) ~[na:1.7.0_67]
	at java.lang.Runtime.load0(Runtime.java:795) ~[na:1.7.0_67]
	at java.lang.System.load(System.java:1062) ~[na:1.7.0_67]
	at io.humble.ferry.JNILibrary.doJNILoad(JNILibrary.java:203) [humble-video-noarch-0.2.0.jar:0.2.0]
	at io.humble.ferry.JNILibrary.unpackLibrary(JNILibrary.java:287) [humble-video-noarch-0.2.0.jar:0.2.0]
	at io.humble.ferry.JNILibrary.loadFromClasspath(JNILibrary.java:189) [humble-video-noarch-0.2.0.jar:0.2.0]
	at io.humble.ferry.JNILibrary.load(JNILibrary.java:168) [humble-video-noarch-0.2.0.jar:0.2.0]
	at io.humble.ferry.JNILibrary.load(JNILibrary.java:149) [humble-video-noarch-0.2.0.jar:0.2.0]
	at io.humble.ferry.FerryJNI.<clinit>(FerryJNI.java:16) [humble-video-noarch-0.2.0.jar:0.2.0]
	at io.humble.ferry.Ferry.<clinit>(Ferry.java:24) [humble-video-noarch-0.2.0.jar:0.2.0]
	at io.humble.video.VideoJNI.<clinit>(VideoJNI.java:19) [humble-video-noarch-0.2.0.jar:0.2.0]
	at io.humble.video.Demuxer.make(Demuxer.java:128) [humble-video-noarch-0.2.0.jar:0.2.0]
	at DecodeAndPlayAudio.playSound(DecodeAndPlayAudio.java:46) [classes/:na]
	at DecodeAndPlayAudio.main(DecodeAndPlayAudio.java:199) [classes/:na]
	at sun.reflect.NativeMethodAccessorImpl.invoke0(Native Method) ~[na:1.7.0_67]
	at sun.reflect.NativeMethodAccessorImpl.invoke(NativeMethodAccessorImpl.java:57) ~[na:1.7.0_67]
	at sun.reflect.DelegatingMethodAccessorImpl.invoke(DelegatingMethodAccessorImpl.java:43) ~[na:1.7.0_67]
	at java.lang.reflect.Method.invoke(Method.java:606) ~[na:1.7.0_67]
	at com.intellij.rt.execution.application.AppMain.main(AppMain.java:134) [idea_rt.jar:na]
11:23:20.336 573  [main] DEBUG io.humble.ferry.JNILibrary - Failure: library load of library: humblevideo; url: /var/folders/7s/fhgvprvd0r151k1vz2zj84fw0000gn/T/humble2473649853923943786.tmp; error: {} 
java.lang.UnsatisfiedLinkError: /private/var/folders/7s/fhgvprvd0r151k1vz2zj84fw0000gn/T/humble2473649853923943786.tmp: dlopen(/private/var/folders/7s/fhgvprvd0r151k1vz2zj84fw0000gn/T/humble2473649853923943786.tmp, 1): no suitable image found.  Did find:
	/private/var/folders/7s/fhgvprvd0r151k1vz2zj84fw0000gn/T/humble2473649853923943786.tmp: mach-o, but wrong architecture
	at java.lang.ClassLoader$NativeLibrary.load(Native Method) ~[na:1.7.0_67]
	at java.lang.ClassLoader.loadLibrary1(ClassLoader.java:1965) ~[na:1.7.0_67]
	at java.lang.ClassLoader.loadLibrary0(ClassLoader.java:1890) ~[na:1.7.0_67]
	at java.lang.ClassLoader.loadLibrary(ClassLoader.java:1851) ~[na:1.7.0_67]
	at java.lang.Runtime.load0(Runtime.java:795) ~[na:1.7.0_67]
	at java.lang.System.load(System.java:1062) ~[na:1.7.0_67]
	at io.humble.ferry.JNILibrary.doJNILoad(JNILibrary.java:203) [humble-video-noarch-0.2.0.jar:0.2.0]
	at io.humble.ferry.JNILibrary.unpackLibrary(JNILibrary.java:287) [humble-video-noarch-0.2.0.jar:0.2.0]
	at io.humble.ferry.JNILibrary.loadFromClasspath(JNILibrary.java:189) [humble-video-noarch-0.2.0.jar:0.2.0]
	at io.humble.ferry.JNILibrary.load(JNILibrary.java:168) [humble-video-noarch-0.2.0.jar:0.2.0]
	at io.humble.ferry.JNILibrary.load(JNILibrary.java:149) [humble-video-noarch-0.2.0.jar:0.2.0]
	at io.humble.ferry.FerryJNI.<clinit>(FerryJNI.java:16) [humble-video-noarch-0.2.0.jar:0.2.0]
	at io.humble.ferry.Ferry.<clinit>(Ferry.java:24) [humble-video-noarch-0.2.0.jar:0.2.0]
	at io.humble.video.VideoJNI.<clinit>(VideoJNI.java:19) [humble-video-noarch-0.2.0.jar:0.2.0]
	at io.humble.video.Demuxer.make(Demuxer.java:128) [humble-video-noarch-0.2.0.jar:0.2.0]
	at DecodeAndPlayAudio.playSound(DecodeAndPlayAudio.java:45) [classes/:na]
	at DecodeAndPlayAudio.main(DecodeAndPlayAudio.java:198) [classes/:na]
	at sun.reflect.NativeMethodAccessorImpl.invoke0(Native Method) ~[na:1.7.0_67]
	at sun.reflect.NativeMethodAccessorImpl.invoke(NativeMethodAccessorImpl.java:57) ~[na:1.7.0_67]
	at sun.reflect.DelegatingMethodAccessorImpl.invoke(DelegatingMethodAccessorImpl.java:43) ~[na:1.7.0_67]
	at java.lang.reflect.Method.invoke(Method.java:606) ~[na:1.7.0_67]
	at com.intellij.rt.execution.application.AppMain.main(AppMain.java:134) [idea_rt.jar:na]
11:26:24.093 575  [main] DEBUG io.humble.ferry.JNILibrary - Failure: library load of library: humblevideo; url: /var/folders/7s/fhgvprvd0r151k1vz2zj84fw0000gn/T/humble1792183948248072147.tmp; error: {} 
java.lang.UnsatisfiedLinkError: /private/var/folders/7s/fhgvprvd0r151k1vz2zj84fw0000gn/T/humble1792183948248072147.tmp: dlopen(/private/var/folders/7s/fhgvprvd0r151k1vz2zj84fw0000gn/T/humble1792183948248072147.tmp, 1): no suitable image found.  Did find:
	/private/var/folders/7s/fhgvprvd0r151k1vz2zj84fw0000gn/T/humble1792183948248072147.tmp: mach-o, but wrong architecture
	at java.lang.ClassLoader$NativeLibrary.load(Native Method) ~[na:1.7.0_67]
	at java.lang.ClassLoader.loadLibrary1(ClassLoader.java:1965) ~[na:1.7.0_67]
	at java.lang.ClassLoader.loadLibrary0(ClassLoader.java:1890) ~[na:1.7.0_67]
	at java.lang.ClassLoader.loadLibrary(ClassLoader.java:1851) ~[na:1.7.0_67]
	at java.lang.Runtime.load0(Runtime.java:795) ~[na:1.7.0_67]
	at java.lang.System.load(System.java:1062) ~[na:1.7.0_67]
	at io.humble.ferry.JNILibrary.doJNILoad(JNILibrary.java:203) [humble-video-noarch-0.2.0.jar:0.2.0]
	at io.humble.ferry.JNILibrary.unpackLibrary(JNILibrary.java:287) [humble-video-noarch-0.2.0.jar:0.2.0]
	at io.humble.ferry.JNILibrary.loadFromClasspath(JNILibrary.java:189) [humble-video-noarch-0.2.0.jar:0.2.0]
	at io.humble.ferry.JNILibrary.load(JNILibrary.java:168) [humble-video-noarch-0.2.0.jar:0.2.0]
	at io.humble.ferry.JNILibrary.load(JNILibrary.java:149) [humble-video-noarch-0.2.0.jar:0.2.0]
	at io.humble.ferry.FerryJNI.<clinit>(FerryJNI.java:16) [humble-video-noarch-0.2.0.jar:0.2.0]
	at io.humble.ferry.Ferry.<clinit>(Ferry.java:24) [humble-video-noarch-0.2.0.jar:0.2.0]
	at io.humble.video.VideoJNI.<clinit>(VideoJNI.java:19) [humble-video-noarch-0.2.0.jar:0.2.0]
	at io.humble.video.Demuxer.make(Demuxer.java:128) [humble-video-noarch-0.2.0.jar:0.2.0]
	at DecodeAndPlayVideo.playVideo(DecodeAndPlayVideo.java:55) [classes/:na]
	at DecodeAndPlayVideo.main(DecodeAndPlayVideo.java:259) [classes/:na]
	at sun.reflect.NativeMethodAccessorImpl.invoke0(Native Method) ~[na:1.7.0_67]
	at sun.reflect.NativeMethodAccessorImpl.invoke(NativeMethodAccessorImpl.java:57) ~[na:1.7.0_67]
	at sun.reflect.DelegatingMethodAccessorImpl.invoke(DelegatingMethodAccessorImpl.java:43) ~[na:1.7.0_67]
	at java.lang.reflect.Method.invoke(Method.java:606) ~[na:1.7.0_67]
	at com.intellij.rt.execution.application.AppMain.main(AppMain.java:134) [idea_rt.jar:na]
11:26:56.477 569  [main] DEBUG io.humble.ferry.JNILibrary - Failure: library load of library: humblevideo; url: /var/folders/7s/fhgvprvd0r151k1vz2zj84fw0000gn/T/humble1147299361650681926.tmp; error: {} 
java.lang.UnsatisfiedLinkError: /private/var/folders/7s/fhgvprvd0r151k1vz2zj84fw0000gn/T/humble1147299361650681926.tmp: dlopen(/private/var/folders/7s/fhgvprvd0r151k1vz2zj84fw0000gn/T/humble1147299361650681926.tmp, 1): no suitable image found.  Did find:
	/private/var/folders/7s/fhgvprvd0r151k1vz2zj84fw0000gn/T/humble1147299361650681926.tmp: mach-o, but wrong architecture
	at java.lang.ClassLoader$NativeLibrary.load(Native Method) ~[na:1.7.0_67]
	at java.lang.ClassLoader.loadLibrary1(ClassLoader.java:1965) ~[na:1.7.0_67]
	at java.lang.ClassLoader.loadLibrary0(ClassLoader.java:1890) ~[na:1.7.0_67]
	at java.lang.ClassLoader.loadLibrary(ClassLoader.java:1851) ~[na:1.7.0_67]
	at java.lang.Runtime.load0(Runtime.java:795) ~[na:1.7.0_67]
	at java.lang.System.load(System.java:1062) ~[na:1.7.0_67]
	at io.humble.ferry.JNILibrary.doJNILoad(JNILibrary.java:203) [humble-video-noarch-0.2.0.jar:0.2.0]
	at io.humble.ferry.JNILibrary.unpackLibrary(JNILibrary.java:287) [humble-video-noarch-0.2.0.jar:0.2.0]
	at io.humble.ferry.JNILibrary.loadFromClasspath(JNILibrary.java:189) [humble-video-noarch-0.2.0.jar:0.2.0]
	at io.humble.ferry.JNILibrary.load(JNILibrary.java:168) [humble-video-noarch-0.2.0.jar:0.2.0]
	at io.humble.ferry.JNILibrary.load(JNILibrary.java:149) [humble-video-noarch-0.2.0.jar:0.2.0]
	at io.humble.ferry.FerryJNI.<clinit>(FerryJNI.java:16) [humble-video-noarch-0.2.0.jar:0.2.0]
	at io.humble.ferry.Ferry.<clinit>(Ferry.java:24) [humble-video-noarch-0.2.0.jar:0.2.0]
	at io.humble.video.VideoJNI.<clinit>(VideoJNI.java:19) [humble-video-noarch-0.2.0.jar:0.2.0]
	at io.humble.video.Demuxer.make(Demuxer.java:128) [humble-video-noarch-0.2.0.jar:0.2.0]
	at DecodeAndPlayVideo.playVideo(DecodeAndPlayVideo.java:55) [classes/:na]
	at DecodeAndPlayVideo.main(DecodeAndPlayVideo.java:259) [classes/:na]
	at sun.reflect.NativeMethodAccessorImpl.invoke0(Native Method) ~[na:1.7.0_67]
	at sun.reflect.NativeMethodAccessorImpl.invoke(NativeMethodAccessorImpl.java:57) ~[na:1.7.0_67]
	at sun.reflect.DelegatingMethodAccessorImpl.invoke(DelegatingMethodAccessorImpl.java:43) ~[na:1.7.0_67]
	at java.lang.reflect.Method.invoke(Method.java:606) ~[na:1.7.0_67]
	at com.intellij.rt.execution.application.AppMain.main(AppMain.java:134) [idea_rt.jar:na]
11:45:00.557 628  [main] DEBUG io.humble.ferry.JNILibrary - Failure: library load of library: humblevideo; url: /var/folders/7s/fhgvprvd0r151k1vz2zj84fw0000gn/T/humble7160027770673260874.tmp; error: {} 
java.lang.UnsatisfiedLinkError: /private/var/folders/7s/fhgvprvd0r151k1vz2zj84fw0000gn/T/humble7160027770673260874.tmp: dlopen(/private/var/folders/7s/fhgvprvd0r151k1vz2zj84fw0000gn/T/humble7160027770673260874.tmp, 1): no suitable image found.  Did find:
	/private/var/folders/7s/fhgvprvd0r151k1vz2zj84fw0000gn/T/humble7160027770673260874.tmp: mach-o, but wrong architecture
	at java.lang.ClassLoader$NativeLibrary.load(Native Method) ~[na:1.7.0_67]
	at java.lang.ClassLoader.loadLibrary1(ClassLoader.java:1965) ~[na:1.7.0_67]
	at java.lang.ClassLoader.loadLibrary0(ClassLoader.java:1890) ~[na:1.7.0_67]
	at java.lang.ClassLoader.loadLibrary(ClassLoader.java:1851) ~[na:1.7.0_67]
	at java.lang.Runtime.load0(Runtime.java:795) ~[na:1.7.0_67]
	at java.lang.System.load(System.java:1062) ~[na:1.7.0_67]
	at io.humble.ferry.JNILibrary.doJNILoad(JNILibrary.java:203) [humble-video-noarch-0.2.0.jar:0.2.0]
	at io.humble.ferry.JNILibrary.unpackLibrary(JNILibrary.java:287) [humble-video-noarch-0.2.0.jar:0.2.0]
	at io.humble.ferry.JNILibrary.loadFromClasspath(JNILibrary.java:189) [humble-video-noarch-0.2.0.jar:0.2.0]
	at io.humble.ferry.JNILibrary.load(JNILibrary.java:168) [humble-video-noarch-0.2.0.jar:0.2.0]
	at io.humble.ferry.JNILibrary.load(JNILibrary.java:149) [humble-video-noarch-0.2.0.jar:0.2.0]
	at io.humble.ferry.FerryJNI.<clinit>(FerryJNI.java:16) [humble-video-noarch-0.2.0.jar:0.2.0]
	at io.humble.ferry.Ferry.<clinit>(Ferry.java:24) [humble-video-noarch-0.2.0.jar:0.2.0]
	at io.humble.video.VideoJNI.<clinit>(VideoJNI.java:19) [humble-video-noarch-0.2.0.jar:0.2.0]
	at io.humble.video.Demuxer.make(Demuxer.java:128) [humble-video-noarch-0.2.0.jar:0.2.0]
	at ContainerSegmenter.segmentFile(ContainerSegmenter.java:49) [classes/:na]
	at ContainerSegmenter.main(ContainerSegmenter.java:195) [classes/:na]
11:45:01.024 1095 [main] ERROR io.humble.video.Exception - io::humble::ferry::HumbleIOException(finalStr): Error opening url: /Users/alex/study/humble-hello/src/main/resources/install.mp4 ; : No such file or directory (-2) (VideoExceptions.cpp:87) 
11:45:01.024 1095 [main] DEBUG io.humble.video.Exception - Stack frame [0]: 0   humble599417959871711516.tmp        0x000000019505cfdf _ZN2io6humble5ferry16HumbleStackTraceC2Ev + 79 (VideoExceptions.cpp:87) 
11:45:01.024 1095 [main] DEBUG io.humble.video.Exception - Stack frame [1]: 1   humble599417959871711516.tmp        0x000000019505df67 _ZN2io6humble5ferry17HumbleIOExceptionC1ERKNSt3__112basic_stringIcNS3_11char_traitsIcEENS3_9allocatorIcEEEE + 55 (VideoExceptions.cpp:87) 
11:45:01.024 1095 [main] DEBUG io.humble.video.Exception - Stack frame [2]: 2   humble599417959871711516.tmp        0x00000001950786e2 _ZN2io6humble5video15FfmpegException5checkEiPKcz + 3522 (VideoExceptions.cpp:87) 
11:45:01.024 1095 [main] DEBUG io.humble.video.Exception - Stack frame [3]: 3   humble599417959871711516.tmp        0x00000001950ca77e _ZN2io6humble5video11DemuxerImpl4openEPKcPNS1_13DemuxerFormatEbbPNS1_11KeyValueBagES8_ + 4254 (VideoExceptions.cpp:87) 
11:45:01.024 1095 [main] DEBUG io.humble.video.Exception - Stack frame [4]: 4   humble599417959871711516.tmp        0x000000019513e373 Java_io_humble_video_VideoJNI_Demuxer_1open + 499 (VideoExceptions.cpp:87) 
11:45:01.024 1095 [main] DEBUG io.humble.video.Exception - Stack frame [5]: 5   ???                                 0x000000010557a5f9 0x0 + 4384597497 (VideoExceptions.cpp:87) 
11:45:31.050 585  [main] DEBUG io.humble.ferry.JNILibrary - Failure: library load of library: humblevideo; url: /var/folders/7s/fhgvprvd0r151k1vz2zj84fw0000gn/T/humble5414632787946514075.tmp; error: {} 
java.lang.UnsatisfiedLinkError: /private/var/folders/7s/fhgvprvd0r151k1vz2zj84fw0000gn/T/humble5414632787946514075.tmp: dlopen(/private/var/folders/7s/fhgvprvd0r151k1vz2zj84fw0000gn/T/humble5414632787946514075.tmp, 1): no suitable image found.  Did find:
	/private/var/folders/7s/fhgvprvd0r151k1vz2zj84fw0000gn/T/humble5414632787946514075.tmp: mach-o, but wrong architecture
	at java.lang.ClassLoader$NativeLibrary.load(Native Method) ~[na:1.7.0_67]
	at java.lang.ClassLoader.loadLibrary1(ClassLoader.java:1965) ~[na:1.7.0_67]
	at java.lang.ClassLoader.loadLibrary0(ClassLoader.java:1890) ~[na:1.7.0_67]
	at java.lang.ClassLoader.loadLibrary(ClassLoader.java:1851) ~[na:1.7.0_67]
	at java.lang.Runtime.load0(Runtime.java:795) ~[na:1.7.0_67]
	at java.lang.System.load(System.java:1062) ~[na:1.7.0_67]
	at io.humble.ferry.JNILibrary.doJNILoad(JNILibrary.java:203) [humble-video-noarch-0.2.0.jar:0.2.0]
	at io.humble.ferry.JNILibrary.unpackLibrary(JNILibrary.java:287) [humble-video-noarch-0.2.0.jar:0.2.0]
	at io.humble.ferry.JNILibrary.loadFromClasspath(JNILibrary.java:189) [humble-video-noarch-0.2.0.jar:0.2.0]
	at io.humble.ferry.JNILibrary.load(JNILibrary.java:168) [humble-video-noarch-0.2.0.jar:0.2.0]
	at io.humble.ferry.JNILibrary.load(JNILibrary.java:149) [humble-video-noarch-0.2.0.jar:0.2.0]
	at io.humble.ferry.FerryJNI.<clinit>(FerryJNI.java:16) [humble-video-noarch-0.2.0.jar:0.2.0]
	at io.humble.ferry.Ferry.<clinit>(Ferry.java:24) [humble-video-noarch-0.2.0.jar:0.2.0]
	at io.humble.video.VideoJNI.<clinit>(VideoJNI.java:19) [humble-video-noarch-0.2.0.jar:0.2.0]
	at io.humble.video.Demuxer.make(Demuxer.java:128) [humble-video-noarch-0.2.0.jar:0.2.0]
	at ContainerSegmenter.segmentFile(ContainerSegmenter.java:49) [classes/:na]
	at ContainerSegmenter.main(ContainerSegmenter.java:195) [classes/:na]
	at sun.reflect.NativeMethodAccessorImpl.invoke0(Native Method) ~[na:1.7.0_67]
	at sun.reflect.NativeMethodAccessorImpl.invoke(NativeMethodAccessorImpl.java:57) ~[na:1.7.0_67]
	at sun.reflect.DelegatingMethodAccessorImpl.invoke(DelegatingMethodAccessorImpl.java:43) ~[na:1.7.0_67]
	at java.lang.reflect.Method.invoke(Method.java:606) ~[na:1.7.0_67]
	at com.intellij.rt.execution.application.AppMain.main(AppMain.java:134) [idea_rt.jar:na]
11:45:31.517 1052 [main] ERROR org.ffmpeg - [mpegts @ 0x7fda4394ec00] H.264 bitstream malformed, no startcode found, use the video bitstream filter 'h264_mp4toannexb' to fix it ('-bsf:v h264_mp4toannexb' option with ffmpeg) 
11:45:31.518 1053 [main] ERROR io.humble.video.Exception - FfmpegException::make(finalStr): Could not write packet to muxer : Invalid data found when processing input (-1094995529) (VideoExceptions.cpp:118) 
11:45:31.518 1053 [main] DEBUG io.humble.video.Exception - Stack frame [0]: 0   humble7621492906712878095.tmp       0x0000000194077fdf _ZN2io6humble5ferry16HumbleStackTraceC2Ev + 79 (VideoExceptions.cpp:118) 
11:45:31.518 1053 [main] DEBUG io.humble.video.Exception - Stack frame [1]: 1   humble7621492906712878095.tmp       0x0000000194094727 _ZN2io6humble5video15FfmpegExceptionC1ERKNSt3__112basic_stringIcNS3_11char_traitsIcEENS3_9allocatorIcEEEE + 55 (VideoExceptions.cpp:118) 
11:45:31.518 1053 [main] DEBUG io.humble.video.Exception - Stack frame [2]: 2   humble7621492906712878095.tmp       0x000000019409288e _ZN2io6humble5video15FfmpegException4makeEPKcz + 606 (VideoExceptions.cpp:118) 
11:45:31.518 1053 [main] DEBUG io.humble.video.Exception - Stack frame [3]: 3   humble7621492906712878095.tmp       0x00000001940941b2 _ZN2io6humble5video15FfmpegException5checkEiPKcz + 6290 (VideoExceptions.cpp:118) 
11:45:31.518 1053 [main] DEBUG io.humble.video.Exception - Stack frame [4]: 4   humble7621492906712878095.tmp       0x00000001940e17fc _ZN2io6humble5video5Muxer5writeEPNS1_11MediaPacketEb + 7084 (VideoExceptions.cpp:118) 
11:45:31.518 1053 [main] DEBUG io.humble.video.Exception - Stack frame [5]: 5   humble7621492906712878095.tmp       0x00000001941581c8 Java_io_humble_video_VideoJNI_Muxer_1write + 200 (VideoExceptions.cpp:118) 
11:45:31.518 1053 [main] DEBUG io.humble.video.Exception - Stack frame [6]: 6   ???                                 0x0000000104958758 0x0 + 4371875672 (VideoExceptions.cpp:118) 
11:46:18.482 614  [main] DEBUG io.humble.ferry.JNILibrary - Failure: library load of library: humblevideo; url: /var/folders/7s/fhgvprvd0r151k1vz2zj84fw0000gn/T/humble5250674585483544659.tmp; error: {} 
java.lang.UnsatisfiedLinkError: /private/var/folders/7s/fhgvprvd0r151k1vz2zj84fw0000gn/T/humble5250674585483544659.tmp: dlopen(/private/var/folders/7s/fhgvprvd0r151k1vz2zj84fw0000gn/T/humble5250674585483544659.tmp, 1): no suitable image found.  Did find:
	/private/var/folders/7s/fhgvprvd0r151k1vz2zj84fw0000gn/T/humble5250674585483544659.tmp: mach-o, but wrong architecture
	at java.lang.ClassLoader$NativeLibrary.load(Native Method) ~[na:1.7.0_67]
	at java.lang.ClassLoader.loadLibrary1(ClassLoader.java:1965) ~[na:1.7.0_67]
	at java.lang.ClassLoader.loadLibrary0(ClassLoader.java:1890) ~[na:1.7.0_67]
	at java.lang.ClassLoader.loadLibrary(ClassLoader.java:1851) ~[na:1.7.0_67]
	at java.lang.Runtime.load0(Runtime.java:795) ~[na:1.7.0_67]
	at java.lang.System.load(System.java:1062) ~[na:1.7.0_67]
	at io.humble.ferry.JNILibrary.doJNILoad(JNILibrary.java:203) [humble-video-noarch-0.2.0.jar:0.2.0]
	at io.humble.ferry.JNILibrary.unpackLibrary(JNILibrary.java:287) [humble-video-noarch-0.2.0.jar:0.2.0]
	at io.humble.ferry.JNILibrary.loadFromClasspath(JNILibrary.java:189) [humble-video-noarch-0.2.0.jar:0.2.0]
	at io.humble.ferry.JNILibrary.load(JNILibrary.java:168) [humble-video-noarch-0.2.0.jar:0.2.0]
	at io.humble.ferry.JNILibrary.load(JNILibrary.java:149) [humble-video-noarch-0.2.0.jar:0.2.0]
	at io.humble.ferry.FerryJNI.<clinit>(FerryJNI.java:16) [humble-video-noarch-0.2.0.jar:0.2.0]
	at io.humble.ferry.Ferry.<clinit>(Ferry.java:24) [humble-video-noarch-0.2.0.jar:0.2.0]
	at io.humble.video.VideoJNI.<clinit>(VideoJNI.java:19) [humble-video-noarch-0.2.0.jar:0.2.0]
	at io.humble.video.Demuxer.make(Demuxer.java:128) [humble-video-noarch-0.2.0.jar:0.2.0]
	at ContainerSegmenter.segmentFile(ContainerSegmenter.java:49) [classes/:na]
	at ContainerSegmenter.main(ContainerSegmenter.java:195) [classes/:na]
11:46:18.995 1127 [main] ERROR org.ffmpeg - [mpegts @ 0x7fdaea930200] H.264 bitstream malformed, no startcode found, use the video bitstream filter 'h264_mp4toannexb' to fix it ('-bsf:v h264_mp4toannexb' option with ffmpeg) 
11:46:18.997 1129 [main] ERROR io.humble.video.Exception - FfmpegException::make(finalStr): Could not write packet to muxer : Invalid data found when processing input (-1094995529) (VideoExceptions.cpp:118) 
11:46:18.998 1130 [main] DEBUG io.humble.video.Exception - Stack frame [0]: 0   humble563577378917503107.tmp        0x000000010cab2fdf _ZN2io6humble5ferry16HumbleStackTraceC2Ev + 79 (VideoExceptions.cpp:118) 
11:46:18.998 1130 [main] DEBUG io.humble.video.Exception - Stack frame [1]: 1   humble563577378917503107.tmp        0x000000010cacf727 _ZN2io6humble5video15FfmpegExceptionC1ERKNSt3__112basic_stringIcNS3_11char_traitsIcEENS3_9allocatorIcEEEE + 55 (VideoExceptions.cpp:118) 
11:46:18.998 1130 [main] DEBUG io.humble.video.Exception - Stack frame [2]: 2   humble563577378917503107.tmp        0x000000010cacd88e _ZN2io6humble5video15FfmpegException4makeEPKcz + 606 (VideoExceptions.cpp:118) 
11:46:18.998 1130 [main] DEBUG io.humble.video.Exception - Stack frame [3]: 3   humble563577378917503107.tmp        0x000000010cacf1b2 _ZN2io6humble5video15FfmpegException5checkEiPKcz + 6290 (VideoExceptions.cpp:118) 
11:46:18.998 1130 [main] DEBUG io.humble.video.Exception - Stack frame [4]: 4   humble563577378917503107.tmp        0x000000010cb1c7fc _ZN2io6humble5video5Muxer5writeEPNS1_11MediaPacketEb + 7084 (VideoExceptions.cpp:118) 
11:46:18.998 1130 [main] DEBUG io.humble.video.Exception - Stack frame [5]: 5   humble563577378917503107.tmp        0x000000010cb931c8 Java_io_humble_video_VideoJNI_Muxer_1write + 200 (VideoExceptions.cpp:118) 
11:46:18.998 1130 [main] DEBUG io.humble.video.Exception - Stack frame [6]: 6   ???                                 0x000000010237a5f9 0x0 + 4332168697 (VideoExceptions.cpp:118) 
11:52:22.690 572  [main] DEBUG io.humble.ferry.JNILibrary - Failure: library load of library: humblevideo; url: /var/folders/7s/fhgvprvd0r151k1vz2zj84fw0000gn/T/humble92028173185038370.tmp; error: {} 
java.lang.UnsatisfiedLinkError: /private/var/folders/7s/fhgvprvd0r151k1vz2zj84fw0000gn/T/humble92028173185038370.tmp: dlopen(/private/var/folders/7s/fhgvprvd0r151k1vz2zj84fw0000gn/T/humble92028173185038370.tmp, 1): no suitable image found.  Did find:
	/private/var/folders/7s/fhgvprvd0r151k1vz2zj84fw0000gn/T/humble92028173185038370.tmp: mach-o, but wrong architecture
	at java.lang.ClassLoader$NativeLibrary.load(Native Method) ~[na:1.7.0_67]
	at java.lang.ClassLoader.loadLibrary1(ClassLoader.java:1965) ~[na:1.7.0_67]
	at java.lang.ClassLoader.loadLibrary0(ClassLoader.java:1890) ~[na:1.7.0_67]
	at java.lang.ClassLoader.loadLibrary(ClassLoader.java:1851) ~[na:1.7.0_67]
	at java.lang.Runtime.load0(Runtime.java:795) ~[na:1.7.0_67]
	at java.lang.System.load(System.java:1062) ~[na:1.7.0_67]
	at io.humble.ferry.JNILibrary.doJNILoad(JNILibrary.java:203) [humble-video-noarch-0.2.0.jar:0.2.0]
	at io.humble.ferry.JNILibrary.unpackLibrary(JNILibrary.java:287) [humble-video-noarch-0.2.0.jar:0.2.0]
	at io.humble.ferry.JNILibrary.loadFromClasspath(JNILibrary.java:189) [humble-video-noarch-0.2.0.jar:0.2.0]
	at io.humble.ferry.JNILibrary.load(JNILibrary.java:168) [humble-video-noarch-0.2.0.jar:0.2.0]
	at io.humble.ferry.JNILibrary.load(JNILibrary.java:149) [humble-video-noarch-0.2.0.jar:0.2.0]
	at io.humble.ferry.FerryJNI.<clinit>(FerryJNI.java:16) [humble-video-noarch-0.2.0.jar:0.2.0]
	at io.humble.ferry.Ferry.<clinit>(Ferry.java:24) [humble-video-noarch-0.2.0.jar:0.2.0]
	at io.humble.video.VideoJNI.<clinit>(VideoJNI.java:19) [humble-video-noarch-0.2.0.jar:0.2.0]
	at io.humble.video.Demuxer.make(Demuxer.java:128) [humble-video-noarch-0.2.0.jar:0.2.0]
	at ContainerSegmenter.segmentFile(ContainerSegmenter.java:49) [classes/:na]
	at ContainerSegmenter.main(ContainerSegmenter.java:195) [classes/:na]
	at sun.reflect.NativeMethodAccessorImpl.invoke0(Native Method) ~[na:1.7.0_67]
	at sun.reflect.NativeMethodAccessorImpl.invoke(NativeMethodAccessorImpl.java:57) ~[na:1.7.0_67]
	at sun.reflect.DelegatingMethodAccessorImpl.invoke(DelegatingMethodAccessorImpl.java:43) ~[na:1.7.0_67]
	at java.lang.reflect.Method.invoke(Method.java:606) ~[na:1.7.0_67]
	at com.intellij.rt.execution.application.AppMain.main(AppMain.java:134) [idea_rt.jar:na]
11:52:23.322 1204 [main] ERROR org.ffmpeg - [mpegts @ 0x7f8dcb255200] H.264 bitstream malformed, no startcode found, use the video bitstream filter 'h264_mp4toannexb' to fix it ('-bsf:v h264_mp4toannexb' option with ffmpeg) 
11:52:23.323 1205 [main] ERROR io.humble.video.Exception - FfmpegException::make(finalStr): Could not write packet to muxer : Invalid data found when processing input (-1094995529) (VideoExceptions.cpp:118) 
11:52:23.323 1205 [main] DEBUG io.humble.video.Exception - Stack frame [0]: 0   humble7185729838042357611.tmp       0x000000011b461fdf _ZN2io6humble5ferry16HumbleStackTraceC2Ev + 79 (VideoExceptions.cpp:118) 
11:52:23.323 1205 [main] DEBUG io.humble.video.Exception - Stack frame [1]: 1   humble7185729838042357611.tmp       0x000000011b47e727 _ZN2io6humble5video15FfmpegExceptionC1ERKNSt3__112basic_stringIcNS3_11char_traitsIcEENS3_9allocatorIcEEEE + 55 (VideoExceptions.cpp:118) 
11:52:23.323 1205 [main] DEBUG io.humble.video.Exception - Stack frame [2]: 2   humble7185729838042357611.tmp       0x000000011b47c88e _ZN2io6humble5video15FfmpegException4makeEPKcz + 606 (VideoExceptions.cpp:118) 
11:52:23.323 1205 [main] DEBUG io.humble.video.Exception - Stack frame [3]: 3   humble7185729838042357611.tmp       0x000000011b47e1b2 _ZN2io6humble5video15FfmpegException5checkEiPKcz + 6290 (VideoExceptions.cpp:118) 
11:52:23.323 1205 [main] DEBUG io.humble.video.Exception - Stack frame [4]: 4   humble7185729838042357611.tmp       0x000000011b4cb7fc _ZN2io6humble5video5Muxer5writeEPNS1_11MediaPacketEb + 7084 (VideoExceptions.cpp:118) 
11:52:23.323 1205 [main] DEBUG io.humble.video.Exception - Stack frame [5]: 5   humble7185729838042357611.tmp       0x000000011b5421c8 Java_io_humble_video_VideoJNI_Muxer_1write + 200 (VideoExceptions.cpp:118) 
11:52:23.323 1205 [main] DEBUG io.humble.video.Exception - Stack frame [6]: 6   ???                                 0x0000000110f85758 0x0 + 4579678040 (VideoExceptions.cpp:118) 
13:38:51.819 660  [main] DEBUG io.humble.ferry.JNILibrary - Failure: library load of library: humblevideo; url: /var/folders/7s/fhgvprvd0r151k1vz2zj84fw0000gn/T/humble3304624113772227958.tmp; error: {} 
java.lang.UnsatisfiedLinkError: /private/var/folders/7s/fhgvprvd0r151k1vz2zj84fw0000gn/T/humble3304624113772227958.tmp: dlopen(/private/var/folders/7s/fhgvprvd0r151k1vz2zj84fw0000gn/T/humble3304624113772227958.tmp, 1): no suitable image found.  Did find:
	/private/var/folders/7s/fhgvprvd0r151k1vz2zj84fw0000gn/T/humble3304624113772227958.tmp: mach-o, but wrong architecture
	at java.lang.ClassLoader$NativeLibrary.load(Native Method) ~[na:1.7.0_67]
	at java.lang.ClassLoader.loadLibrary1(ClassLoader.java:1965) ~[na:1.7.0_67]
	at java.lang.ClassLoader.loadLibrary0(ClassLoader.java:1890) ~[na:1.7.0_67]
	at java.lang.ClassLoader.loadLibrary(ClassLoader.java:1851) ~[na:1.7.0_67]
	at java.lang.Runtime.load0(Runtime.java:795) ~[na:1.7.0_67]
	at java.lang.System.load(System.java:1062) ~[na:1.7.0_67]
	at io.humble.ferry.JNILibrary.doJNILoad(JNILibrary.java:203) [humble-video-noarch-0.2.1.jar:0.2.1]
	at io.humble.ferry.JNILibrary.unpackLibrary(JNILibrary.java:287) [humble-video-noarch-0.2.1.jar:0.2.1]
	at io.humble.ferry.JNILibrary.loadFromClasspath(JNILibrary.java:189) [humble-video-noarch-0.2.1.jar:0.2.1]
	at io.humble.ferry.JNILibrary.load(JNILibrary.java:168) [humble-video-noarch-0.2.1.jar:0.2.1]
	at io.humble.ferry.JNILibrary.load(JNILibrary.java:149) [humble-video-noarch-0.2.1.jar:0.2.1]
	at io.humble.ferry.FerryJNI.<clinit>(FerryJNI.java:16) [humble-video-noarch-0.2.1.jar:0.2.1]
	at io.humble.ferry.Ferry.<clinit>(Ferry.java:24) [humble-video-noarch-0.2.1.jar:0.2.1]
	at io.humble.video.VideoJNI.<clinit>(VideoJNI.java:19) [humble-video-noarch-0.2.1.jar:0.2.1]
	at io.humble.video.Demuxer.make(Demuxer.java:128) [humble-video-noarch-0.2.1.jar:0.2.1]
	at GetContainerInfo.getInfo(GetContainerInfo.java:35) [classes/:na]
	at GetContainerInfo.main(GetContainerInfo.java:133) [classes/:na]
	at sun.reflect.NativeMethodAccessorImpl.invoke0(Native Method) ~[na:1.7.0_67]
	at sun.reflect.NativeMethodAccessorImpl.invoke(NativeMethodAccessorImpl.java:57) ~[na:1.7.0_67]
	at sun.reflect.DelegatingMethodAccessorImpl.invoke(DelegatingMethodAccessorImpl.java:43) ~[na:1.7.0_67]
	at java.lang.reflect.Method.invoke(Method.java:606) ~[na:1.7.0_67]
	at com.intellij.rt.execution.application.AppMain.main(AppMain.java:134) [idea_rt.jar:na]
13:39:06.852 579  [main] DEBUG io.humble.ferry.JNILibrary - Failure: library load of library: humblevideo; url: /var/folders/7s/fhgvprvd0r151k1vz2zj84fw0000gn/T/humble7775785605495376856.tmp; error: {} 
java.lang.UnsatisfiedLinkError: /private/var/folders/7s/fhgvprvd0r151k1vz2zj84fw0000gn/T/humble7775785605495376856.tmp: dlopen(/private/var/folders/7s/fhgvprvd0r151k1vz2zj84fw0000gn/T/humble7775785605495376856.tmp, 1): no suitable image found.  Did find:
	/private/var/folders/7s/fhgvprvd0r151k1vz2zj84fw0000gn/T/humble7775785605495376856.tmp: mach-o, but wrong architecture
	at java.lang.ClassLoader$NativeLibrary.load(Native Method) ~[na:1.7.0_67]
	at java.lang.ClassLoader.loadLibrary1(ClassLoader.java:1965) ~[na:1.7.0_67]
	at java.lang.ClassLoader.loadLibrary0(ClassLoader.java:1890) ~[na:1.7.0_67]
	at java.lang.ClassLoader.loadLibrary(ClassLoader.java:1851) ~[na:1.7.0_67]
	at java.lang.Runtime.load0(Runtime.java:795) ~[na:1.7.0_67]
	at java.lang.System.load(System.java:1062) ~[na:1.7.0_67]
	at io.humble.ferry.JNILibrary.doJNILoad(JNILibrary.java:203) [humble-video-noarch-0.2.1.jar:0.2.1]
	at io.humble.ferry.JNILibrary.unpackLibrary(JNILibrary.java:287) [humble-video-noarch-0.2.1.jar:0.2.1]
	at io.humble.ferry.JNILibrary.loadFromClasspath(JNILibrary.java:189) [humble-video-noarch-0.2.1.jar:0.2.1]
	at io.humble.ferry.JNILibrary.load(JNILibrary.java:168) [humble-video-noarch-0.2.1.jar:0.2.1]
	at io.humble.ferry.JNILibrary.load(JNILibrary.java:149) [humble-video-noarch-0.2.1.jar:0.2.1]
	at io.humble.ferry.FerryJNI.<clinit>(FerryJNI.java:16) [humble-video-noarch-0.2.1.jar:0.2.1]
	at io.humble.ferry.Ferry.<clinit>(Ferry.java:24) [humble-video-noarch-0.2.1.jar:0.2.1]
	at io.humble.video.VideoJNI.<clinit>(VideoJNI.java:19) [humble-video-noarch-0.2.1.jar:0.2.1]
	at io.humble.video.Demuxer.make(Demuxer.java:128) [humble-video-noarch-0.2.1.jar:0.2.1]
	at GetContainerInfo.getInfo(GetContainerInfo.java:35) [classes/:na]
	at GetContainerInfo.main(GetContainerInfo.java:133) [classes/:na]
	at sun.reflect.NativeMethodAccessorImpl.invoke0(Native Method) ~[na:1.7.0_67]
	at sun.reflect.NativeMethodAccessorImpl.invoke(NativeMethodAccessorImpl.java:57) ~[na:1.7.0_67]
	at sun.reflect.DelegatingMethodAccessorImpl.invoke(DelegatingMethodAccessorImpl.java:43) ~[na:1.7.0_67]
	at java.lang.reflect.Method.invoke(Method.java:606) ~[na:1.7.0_67]
	at com.intellij.rt.execution.application.AppMain.main(AppMain.java:134) [idea_rt.jar:na]
13:39:35.676 570  [main] DEBUG io.humble.ferry.JNILibrary - Failure: library load of library: humblevideo; url: /var/folders/7s/fhgvprvd0r151k1vz2zj84fw0000gn/T/humble5815893626286341581.tmp; error: {} 
java.lang.UnsatisfiedLinkError: /private/var/folders/7s/fhgvprvd0r151k1vz2zj84fw0000gn/T/humble5815893626286341581.tmp: dlopen(/private/var/folders/7s/fhgvprvd0r151k1vz2zj84fw0000gn/T/humble5815893626286341581.tmp, 1): no suitable image found.  Did find:
	/private/var/folders/7s/fhgvprvd0r151k1vz2zj84fw0000gn/T/humble5815893626286341581.tmp: mach-o, but wrong architecture
	at java.lang.ClassLoader$NativeLibrary.load(Native Method) ~[na:1.7.0_67]
	at java.lang.ClassLoader.loadLibrary1(ClassLoader.java:1965) ~[na:1.7.0_67]
	at java.lang.ClassLoader.loadLibrary0(ClassLoader.java:1890) ~[na:1.7.0_67]
	at java.lang.ClassLoader.loadLibrary(ClassLoader.java:1851) ~[na:1.7.0_67]
	at java.lang.Runtime.load0(Runtime.java:795) ~[na:1.7.0_67]
	at java.lang.System.load(System.java:1062) ~[na:1.7.0_67]
	at io.humble.ferry.JNILibrary.doJNILoad(JNILibrary.java:203) [humble-video-noarch-0.2.1.jar:0.2.1]
	at io.humble.ferry.JNILibrary.unpackLibrary(JNILibrary.java:287) [humble-video-noarch-0.2.1.jar:0.2.1]
	at io.humble.ferry.JNILibrary.loadFromClasspath(JNILibrary.java:189) [humble-video-noarch-0.2.1.jar:0.2.1]
	at io.humble.ferry.JNILibrary.load(JNILibrary.java:168) [humble-video-noarch-0.2.1.jar:0.2.1]
	at io.humble.ferry.JNILibrary.load(JNILibrary.java:149) [humble-video-noarch-0.2.1.jar:0.2.1]
	at io.humble.ferry.FerryJNI.<clinit>(FerryJNI.java:16) [humble-video-noarch-0.2.1.jar:0.2.1]
	at io.humble.ferry.Ferry.<clinit>(Ferry.java:24) [humble-video-noarch-0.2.1.jar:0.2.1]
	at io.humble.video.VideoJNI.<clinit>(VideoJNI.java:19) [humble-video-noarch-0.2.1.jar:0.2.1]
	at io.humble.video.Demuxer.make(Demuxer.java:128) [humble-video-noarch-0.2.1.jar:0.2.1]
	at ContainerSegmenter.segmentFile(ContainerSegmenter.java:49) [classes/:na]
	at ContainerSegmenter.main(ContainerSegmenter.java:195) [classes/:na]
	at sun.reflect.NativeMethodAccessorImpl.invoke0(Native Method) ~[na:1.7.0_67]
	at sun.reflect.NativeMethodAccessorImpl.invoke(NativeMethodAccessorImpl.java:57) ~[na:1.7.0_67]
	at sun.reflect.DelegatingMethodAccessorImpl.invoke(DelegatingMethodAccessorImpl.java:43) ~[na:1.7.0_67]
	at java.lang.reflect.Method.invoke(Method.java:606) ~[na:1.7.0_67]
	at com.intellij.rt.execution.application.AppMain.main(AppMain.java:134) [idea_rt.jar:na]
13:39:36.169 1063 [main] ERROR org.ffmpeg - [mpegts @ 0x7ff3ab0e6000] H.264 bitstream malformed, no startcode found, use the video bitstream filter 'h264_mp4toannexb' to fix it ('-bsf:v h264_mp4toannexb' option with ffmpeg) 
13:39:36.171 1065 [main] ERROR io.humble.video.Exception - FfmpegException::make(finalStr): Could not write packet to muxer : Invalid data found when processing input (-1094995529) (VideoExceptions.cpp:118) 
13:39:36.172 1066 [main] DEBUG io.humble.video.Exception - Stack frame [0]: 0   humble5757420361343209228.tmp       0x0000000113a6ffdf _ZN2io6humble5ferry16HumbleStackTraceC2Ev + 79 (VideoExceptions.cpp:118) 
13:39:36.172 1066 [main] DEBUG io.humble.video.Exception - Stack frame [1]: 1   humble5757420361343209228.tmp       0x0000000113a8c727 _ZN2io6humble5video15FfmpegExceptionC1ERKNSt3__112basic_stringIcNS3_11char_traitsIcEENS3_9allocatorIcEEEE + 55 (VideoExceptions.cpp:118) 
13:39:36.172 1066 [main] DEBUG io.humble.video.Exception - Stack frame [2]: 2   humble5757420361343209228.tmp       0x0000000113a8a88e _ZN2io6humble5video15FfmpegException4makeEPKcz + 606 (VideoExceptions.cpp:118) 
13:39:36.172 1066 [main] DEBUG io.humble.video.Exception - Stack frame [3]: 3   humble5757420361343209228.tmp       0x0000000113a8c1b2 _ZN2io6humble5video15FfmpegException5checkEiPKcz + 6290 (VideoExceptions.cpp:118) 
13:39:36.172 1066 [main] DEBUG io.humble.video.Exception - Stack frame [4]: 4   humble5757420361343209228.tmp       0x0000000113ad97fc _ZN2io6humble5video5Muxer5writeEPNS1_11MediaPacketEb + 7084 (VideoExceptions.cpp:118) 
13:39:36.172 1066 [main] DEBUG io.humble.video.Exception - Stack frame [5]: 5   humble5757420361343209228.tmp       0x0000000113b501c8 Java_io_humble_video_VideoJNI_Muxer_1write + 200 (VideoExceptions.cpp:118) 
13:39:36.172 1066 [main] DEBUG io.humble.video.Exception - Stack frame [6]: 6   ???                                 0x00000001095d5758 0x0 + 4452079448 (VideoExceptions.cpp:118) 
13:39:49.536 608  [main] DEBUG io.humble.ferry.JNILibrary - Failure: library load of library: humblevideo; url: /var/folders/7s/fhgvprvd0r151k1vz2zj84fw0000gn/T/humble2072202475390653096.tmp; error: {} 
java.lang.UnsatisfiedLinkError: /private/var/folders/7s/fhgvprvd0r151k1vz2zj84fw0000gn/T/humble2072202475390653096.tmp: dlopen(/private/var/folders/7s/fhgvprvd0r151k1vz2zj84fw0000gn/T/humble2072202475390653096.tmp, 1): no suitable image found.  Did find:
	/private/var/folders/7s/fhgvprvd0r151k1vz2zj84fw0000gn/T/humble2072202475390653096.tmp: mach-o, but wrong architecture
	at java.lang.ClassLoader$NativeLibrary.load(Native Method) ~[na:1.7.0_67]
	at java.lang.ClassLoader.loadLibrary1(ClassLoader.java:1965) ~[na:1.7.0_67]
	at java.lang.ClassLoader.loadLibrary0(ClassLoader.java:1890) ~[na:1.7.0_67]
	at java.lang.ClassLoader.loadLibrary(ClassLoader.java:1851) ~[na:1.7.0_67]
	at java.lang.Runtime.load0(Runtime.java:795) ~[na:1.7.0_67]
	at java.lang.System.load(System.java:1062) ~[na:1.7.0_67]
	at io.humble.ferry.JNILibrary.doJNILoad(JNILibrary.java:203) [humble-video-noarch-0.2.1.jar:0.2.1]
	at io.humble.ferry.JNILibrary.unpackLibrary(JNILibrary.java:287) [humble-video-noarch-0.2.1.jar:0.2.1]
	at io.humble.ferry.JNILibrary.loadFromClasspath(JNILibrary.java:189) [humble-video-noarch-0.2.1.jar:0.2.1]
	at io.humble.ferry.JNILibrary.load(JNILibrary.java:168) [humble-video-noarch-0.2.1.jar:0.2.1]
	at io.humble.ferry.JNILibrary.load(JNILibrary.java:149) [humble-video-noarch-0.2.1.jar:0.2.1]
	at io.humble.ferry.FerryJNI.<clinit>(FerryJNI.java:16) [humble-video-noarch-0.2.1.jar:0.2.1]
	at io.humble.ferry.Ferry.<clinit>(Ferry.java:24) [humble-video-noarch-0.2.1.jar:0.2.1]
	at io.humble.video.VideoJNI.<clinit>(VideoJNI.java:19) [humble-video-noarch-0.2.1.jar:0.2.1]
	at io.humble.video.Demuxer.make(Demuxer.java:128) [humble-video-noarch-0.2.1.jar:0.2.1]
	at ContainerSegmenter.segmentFile(ContainerSegmenter.java:49) [classes/:na]
	at ContainerSegmenter.main(ContainerSegmenter.java:195) [classes/:na]
	at sun.reflect.NativeMethodAccessorImpl.invoke0(Native Method) ~[na:1.7.0_67]
	at sun.reflect.NativeMethodAccessorImpl.invoke(NativeMethodAccessorImpl.java:57) ~[na:1.7.0_67]
	at sun.reflect.DelegatingMethodAccessorImpl.invoke(DelegatingMethodAccessorImpl.java:43) ~[na:1.7.0_67]
	at java.lang.reflect.Method.invoke(Method.java:606) ~[na:1.7.0_67]
	at com.intellij.rt.execution.application.AppMain.main(AppMain.java:134) [idea_rt.jar:na]
13:39:50.414 1486 [main] ERROR org.ffmpeg - [mpegts @ 0x7fea4d0fe600] H.264 bitstream malformed, no startcode found, use the video bitstream filter 'h264_mp4toannexb' to fix it ('-bsf:v h264_mp4toannexb' option with ffmpeg) 
13:39:50.416 1488 [main] ERROR io.humble.video.Exception - FfmpegException::make(finalStr): Could not write packet to muxer : Invalid data found when processing input (-1094995529) (VideoExceptions.cpp:118) 
13:39:50.416 1488 [main] DEBUG io.humble.video.Exception - Stack frame [0]: 0   humble7452001747062901052.tmp       0x0000000117dadfdf _ZN2io6humble5ferry16HumbleStackTraceC2Ev + 79 (VideoExceptions.cpp:118) 
13:39:50.416 1488 [main] DEBUG io.humble.video.Exception - Stack frame [1]: 1   humble7452001747062901052.tmp       0x0000000117dca727 _ZN2io6humble5video15FfmpegExceptionC1ERKNSt3__112basic_stringIcNS3_11char_traitsIcEENS3_9allocatorIcEEEE + 55 (VideoExceptions.cpp:118) 
13:39:50.416 1488 [main] DEBUG io.humble.video.Exception - Stack frame [2]: 2   humble7452001747062901052.tmp       0x0000000117dc888e _ZN2io6humble5video15FfmpegException4makeEPKcz + 606 (VideoExceptions.cpp:118) 
13:39:50.416 1488 [main] DEBUG io.humble.video.Exception - Stack frame [3]: 3   humble7452001747062901052.tmp       0x0000000117dca1b2 _ZN2io6humble5video15FfmpegException5checkEiPKcz + 6290 (VideoExceptions.cpp:118) 
13:39:50.416 1488 [main] DEBUG io.humble.video.Exception - Stack frame [4]: 4   humble7452001747062901052.tmp       0x0000000117e177fc _ZN2io6humble5video5Muxer5writeEPNS1_11MediaPacketEb + 7084 (VideoExceptions.cpp:118) 
13:39:50.416 1488 [main] DEBUG io.humble.video.Exception - Stack frame [5]: 5   humble7452001747062901052.tmp       0x0000000117e8e1c8 Java_io_humble_video_VideoJNI_Muxer_1write + 200 (VideoExceptions.cpp:118) 
13:39:50.416 1488 [main] DEBUG io.humble.video.Exception - Stack frame [6]: 6   ???                                 0x000000010d8a1758 0x0 + 4522121048 (VideoExceptions.cpp:118) 
13:45:08.736 472  [ContainerSegmenter.main()] DEBUG io.humble.ferry.JNILibrary - Failure: library load of library: humblevideo; url: /var/folders/7s/fhgvprvd0r151k1vz2zj84fw0000gn/T/humble3297532079845997513.tmp; error: {} 
java.lang.UnsatisfiedLinkError: /private/var/folders/7s/fhgvprvd0r151k1vz2zj84fw0000gn/T/humble3297532079845997513.tmp: dlopen(/private/var/folders/7s/fhgvprvd0r151k1vz2zj84fw0000gn/T/humble3297532079845997513.tmp, 1): no suitable image found.  Did find:
	/private/var/folders/7s/fhgvprvd0r151k1vz2zj84fw0000gn/T/humble3297532079845997513.tmp: mach-o, but wrong architecture
	at java.lang.ClassLoader$NativeLibrary.load(Native Method) ~[na:1.7.0_67]
	at java.lang.ClassLoader.loadLibrary1(ClassLoader.java:1965) ~[na:1.7.0_67]
	at java.lang.ClassLoader.loadLibrary0(ClassLoader.java:1890) ~[na:1.7.0_67]
	at java.lang.ClassLoader.loadLibrary(ClassLoader.java:1851) ~[na:1.7.0_67]
	at java.lang.Runtime.load0(Runtime.java:795) ~[na:1.7.0_67]
	at java.lang.System.load(System.java:1062) ~[na:1.7.0_67]
	at io.humble.ferry.JNILibrary.doJNILoad(JNILibrary.java:203) [humble-video-noarch-0.2.1.jar:0.2.1]
	at io.humble.ferry.JNILibrary.unpackLibrary(JNILibrary.java:287) [humble-video-noarch-0.2.1.jar:0.2.1]
	at io.humble.ferry.JNILibrary.loadFromClasspath(JNILibrary.java:189) [humble-video-noarch-0.2.1.jar:0.2.1]
	at io.humble.ferry.JNILibrary.load(JNILibrary.java:168) [humble-video-noarch-0.2.1.jar:0.2.1]
	at io.humble.ferry.JNILibrary.load(JNILibrary.java:149) [humble-video-noarch-0.2.1.jar:0.2.1]
	at io.humble.ferry.FerryJNI.<clinit>(FerryJNI.java:16) [humble-video-noarch-0.2.1.jar:0.2.1]
	at io.humble.ferry.Ferry.<clinit>(Ferry.java:24) [humble-video-noarch-0.2.1.jar:0.2.1]
	at io.humble.video.VideoJNI.<clinit>(VideoJNI.java:19) [humble-video-noarch-0.2.1.jar:0.2.1]
	at io.humble.video.Demuxer.make(Demuxer.java:128) [humble-video-noarch-0.2.1.jar:0.2.1]
	at ContainerSegmenter.segmentFile(ContainerSegmenter.java:49) [classes/:na]
	at ContainerSegmenter.main(ContainerSegmenter.java:195) [classes/:na]
	at sun.reflect.NativeMethodAccessorImpl.invoke0(Native Method) ~[na:1.7.0_67]
	at sun.reflect.NativeMethodAccessorImpl.invoke(NativeMethodAccessorImpl.java:57) ~[na:1.7.0_67]
	at sun.reflect.DelegatingMethodAccessorImpl.invoke(DelegatingMethodAccessorImpl.java:43) ~[na:1.7.0_67]
	at java.lang.reflect.Method.invoke(Method.java:606) ~[na:1.7.0_67]
	at org.codehaus.mojo.exec.ExecJavaMojo$1.run(ExecJavaMojo.java:293) [exec-maven-plugin-1.3.2.jar:na]
	at java.lang.Thread.run(Thread.java:745) [na:1.7.0_67]
13:45:09.156 892  [ContainerSegmenter.main()] ERROR org.ffmpeg - [mpegts @ 0x7fe8c9a2da00] H.264 bitstream malformed, no startcode found, use the video bitstream filter 'h264_mp4toannexb' to fix it ('-bsf:v h264_mp4toannexb' option with ffmpeg) 
13:45:09.157 893  [ContainerSegmenter.main()] ERROR io.humble.video.Exception - FfmpegException::make(finalStr): Could not write packet to muxer : Invalid data found when processing input (-1094995529) (VideoExceptions.cpp:118) 
13:45:09.157 893  [ContainerSegmenter.main()] DEBUG io.humble.video.Exception - Stack frame [0]: 0   humble7953467424752155896.tmp       0x0000000117e07fdf _ZN2io6humble5ferry16HumbleStackTraceC2Ev + 79 (VideoExceptions.cpp:118) 
13:45:09.158 894  [ContainerSegmenter.main()] DEBUG io.humble.video.Exception - Stack frame [1]: 1   humble7953467424752155896.tmp       0x0000000117e24727 _ZN2io6humble5video15FfmpegExceptionC1ERKNSt3__112basic_stringIcNS3_11char_traitsIcEENS3_9allocatorIcEEEE + 55 (VideoExceptions.cpp:118) 
13:45:09.158 894  [ContainerSegmenter.main()] DEBUG io.humble.video.Exception - Stack frame [2]: 2   humble7953467424752155896.tmp       0x0000000117e2288e _ZN2io6humble5video15FfmpegException4makeEPKcz + 606 (VideoExceptions.cpp:118) 
13:45:09.158 894  [ContainerSegmenter.main()] DEBUG io.humble.video.Exception - Stack frame [3]: 3   humble7953467424752155896.tmp       0x0000000117e241b2 _ZN2io6humble5video15FfmpegException5checkEiPKcz + 6290 (VideoExceptions.cpp:118) 
13:45:09.158 894  [ContainerSegmenter.main()] DEBUG io.humble.video.Exception - Stack frame [4]: 4   humble7953467424752155896.tmp       0x0000000117e717fc _ZN2io6humble5video5Muxer5writeEPNS1_11MediaPacketEb + 7084 (VideoExceptions.cpp:118) 
13:45:09.158 894  [ContainerSegmenter.main()] DEBUG io.humble.video.Exception - Stack frame [5]: 5   humble7953467424752155896.tmp       0x0000000117ee81c8 Java_io_humble_video_VideoJNI_Muxer_1write + 200 (VideoExceptions.cpp:118) 
13:45:09.158 894  [ContainerSegmenter.main()] DEBUG io.humble.video.Exception - Stack frame [6]: 6   ???                                 0x000000010d574758 0x0 + 4518791000 (VideoExceptions.cpp:118) 
13:45:09.298 1034 [Finalizer] ERROR io.humble.video.Muxer - Open Muxer destroyed without Muxer.close() being called. Closing anyway: output.m3u8 (Muxer.cpp:106) 
13:45:09.300 1036 [Finalizer] ERROR org.ffmpeg - [mpegts @ 0x7fe8c9a2da00] H.264 bitstream malformed, no startcode found, use the video bitstream filter 'h264_mp4toannexb' to fix it ('-bsf:v h264_mp4toannexb' option with ffmpeg) 
13:55:43.055 911  [main] DEBUG io.humble.ferry.JNILibrary - Failure: library load of library: humblevideo; url: /var/folders/7s/fhgvprvd0r151k1vz2zj84fw0000gn/T/humble4555490037505633029.tmp; error: {} 
java.lang.UnsatisfiedLinkError: /private/var/folders/7s/fhgvprvd0r151k1vz2zj84fw0000gn/T/humble4555490037505633029.tmp: dlopen(/private/var/folders/7s/fhgvprvd0r151k1vz2zj84fw0000gn/T/humble4555490037505633029.tmp, 1): no suitable image found.  Did find:
	/private/var/folders/7s/fhgvprvd0r151k1vz2zj84fw0000gn/T/humble4555490037505633029.tmp: mach-o, but wrong architecture
	at java.lang.ClassLoader$NativeLibrary.load(Native Method) ~[na:1.7.0_67]
	at java.lang.ClassLoader.loadLibrary1(ClassLoader.java:1965) ~[na:1.7.0_67]
	at java.lang.ClassLoader.loadLibrary0(ClassLoader.java:1890) ~[na:1.7.0_67]
	at java.lang.ClassLoader.loadLibrary(ClassLoader.java:1851) ~[na:1.7.0_67]
	at java.lang.Runtime.load0(Runtime.java:795) ~[na:1.7.0_67]
	at java.lang.System.load(System.java:1062) ~[na:1.7.0_67]
	at io.humble.ferry.JNILibrary.doJNILoad(JNILibrary.java:203) [humble-video-noarch-0.2.1.jar:0.2.1]
	at io.humble.ferry.JNILibrary.unpackLibrary(JNILibrary.java:287) [humble-video-noarch-0.2.1.jar:0.2.1]
	at io.humble.ferry.JNILibrary.loadFromClasspath(JNILibrary.java:189) [humble-video-noarch-0.2.1.jar:0.2.1]
	at io.humble.ferry.JNILibrary.load(JNILibrary.java:168) [humble-video-noarch-0.2.1.jar:0.2.1]
	at io.humble.ferry.JNILibrary.load(JNILibrary.java:149) [humble-video-noarch-0.2.1.jar:0.2.1]
	at io.humble.ferry.FerryJNI.<clinit>(FerryJNI.java:16) [humble-video-noarch-0.2.1.jar:0.2.1]
	at io.humble.ferry.Ferry.<clinit>(Ferry.java:24) [humble-video-noarch-0.2.1.jar:0.2.1]
	at io.humble.video.VideoJNI.<clinit>(VideoJNI.java:19) [humble-video-noarch-0.2.1.jar:0.2.1]
	at io.humble.video.Demuxer.make(Demuxer.java:128) [humble-video-noarch-0.2.1.jar:0.2.1]
	at ContainerSegmenter.segmentFile(ContainerSegmenter.java:49) [classes/:na]
	at ContainerSegmenter.main(ContainerSegmenter.java:195) [classes/:na]
	at sun.reflect.NativeMethodAccessorImpl.invoke0(Native Method) ~[na:1.7.0_67]
	at sun.reflect.NativeMethodAccessorImpl.invoke(NativeMethodAccessorImpl.java:57) ~[na:1.7.0_67]
	at sun.reflect.DelegatingMethodAccessorImpl.invoke(DelegatingMethodAccessorImpl.java:43) ~[na:1.7.0_67]
	at java.lang.reflect.Method.invoke(Method.java:606) ~[na:1.7.0_67]
	at com.intellij.rt.execution.application.AppMain.main(AppMain.java:134) [idea_rt.jar:na]
13:55:43.484 1340 [main] ERROR org.ffmpeg - [mpegts @ 0x7fc34d9d5a00] H.264 bitstream malformed, no startcode found, use the video bitstream filter 'h264_mp4toannexb' to fix it ('-bsf:v h264_mp4toannexb' option with ffmpeg) 
13:55:43.486 1342 [main] ERROR io.humble.video.Exception - FfmpegException::make(finalStr): Could not write packet to muxer : Invalid data found when processing input (-1094995529) (VideoExceptions.cpp:118) 
13:55:43.486 1342 [main] DEBUG io.humble.video.Exception - Stack frame [0]: 0   humble5181208514127619315.tmp       0x000000010e830fdf _ZN2io6humble5ferry16HumbleStackTraceC2Ev + 79 (VideoExceptions.cpp:118) 
13:55:43.486 1342 [main] DEBUG io.humble.video.Exception - Stack frame [1]: 1   humble5181208514127619315.tmp       0x000000010e84d727 _ZN2io6humble5video15FfmpegExceptionC1ERKNSt3__112basic_stringIcNS3_11char_traitsIcEENS3_9allocatorIcEEEE + 55 (VideoExceptions.cpp:118) 
13:55:43.486 1342 [main] DEBUG io.humble.video.Exception - Stack frame [2]: 2   humble5181208514127619315.tmp       0x000000010e84b88e _ZN2io6humble5video15FfmpegException4makeEPKcz + 606 (VideoExceptions.cpp:118) 
13:55:43.486 1342 [main] DEBUG io.humble.video.Exception - Stack frame [3]: 3   humble5181208514127619315.tmp       0x000000010e84d1b2 _ZN2io6humble5video15FfmpegException5checkEiPKcz + 6290 (VideoExceptions.cpp:118) 
13:55:43.486 1342 [main] DEBUG io.humble.video.Exception - Stack frame [4]: 4   humble5181208514127619315.tmp       0x000000010e89a7fc _ZN2io6humble5video5Muxer5writeEPNS1_11MediaPacketEb + 7084 (VideoExceptions.cpp:118) 
13:55:43.486 1342 [main] DEBUG io.humble.video.Exception - Stack frame [5]: 5   humble5181208514127619315.tmp       0x000000010e9111c8 Java_io_humble_video_VideoJNI_Muxer_1write + 200 (VideoExceptions.cpp:118) 
13:55:43.486 1342 [main] DEBUG io.humble.video.Exception - Stack frame [6]: 6   ???                                 0x0000000104374758 0x0 + 4365698904 (VideoExceptions.cpp:118) 
13:42:59.478 789  [ContainerSegmenter.main()] DEBUG io.humble.ferry.JNILibrary - Failure: library load of library: humblevideo; url: /var/folders/7s/fhgvprvd0r151k1vz2zj84fw0000gn/T/humble8181098201164078545.tmp; error: {} 
java.lang.UnsatisfiedLinkError: /private/var/folders/7s/fhgvprvd0r151k1vz2zj84fw0000gn/T/humble8181098201164078545.tmp: dlopen(/private/var/folders/7s/fhgvprvd0r151k1vz2zj84fw0000gn/T/humble8181098201164078545.tmp, 1): no suitable image found.  Did find:
	/private/var/folders/7s/fhgvprvd0r151k1vz2zj84fw0000gn/T/humble8181098201164078545.tmp: mach-o, but wrong architecture
	at java.lang.ClassLoader$NativeLibrary.load(Native Method) ~[na:1.7.0_67]
	at java.lang.ClassLoader.loadLibrary1(ClassLoader.java:1965) ~[na:1.7.0_67]
	at java.lang.ClassLoader.loadLibrary0(ClassLoader.java:1890) ~[na:1.7.0_67]
	at java.lang.ClassLoader.loadLibrary(ClassLoader.java:1851) ~[na:1.7.0_67]
	at java.lang.Runtime.load0(Runtime.java:795) ~[na:1.7.0_67]
	at java.lang.System.load(System.java:1062) ~[na:1.7.0_67]
	at io.humble.ferry.JNILibrary.doJNILoad(JNILibrary.java:203) [humble-video-noarch-0.2.1.jar:0.2.1]
	at io.humble.ferry.JNILibrary.unpackLibrary(JNILibrary.java:287) [humble-video-noarch-0.2.1.jar:0.2.1]
	at io.humble.ferry.JNILibrary.loadFromClasspath(JNILibrary.java:189) [humble-video-noarch-0.2.1.jar:0.2.1]
	at io.humble.ferry.JNILibrary.load(JNILibrary.java:168) [humble-video-noarch-0.2.1.jar:0.2.1]
	at io.humble.ferry.JNILibrary.load(JNILibrary.java:149) [humble-video-noarch-0.2.1.jar:0.2.1]
	at io.humble.ferry.FerryJNI.<clinit>(FerryJNI.java:16) [humble-video-noarch-0.2.1.jar:0.2.1]
	at io.humble.ferry.Ferry.<clinit>(Ferry.java:24) [humble-video-noarch-0.2.1.jar:0.2.1]
	at io.humble.video.VideoJNI.<clinit>(VideoJNI.java:19) [humble-video-noarch-0.2.1.jar:0.2.1]
	at io.humble.video.Demuxer.make(Demuxer.java:128) [humble-video-noarch-0.2.1.jar:0.2.1]
	at ContainerSegmenter.segmentFile(ContainerSegmenter.java:49) [classes/:na]
	at ContainerSegmenter.main(ContainerSegmenter.java:195) [classes/:na]
	at sun.reflect.NativeMethodAccessorImpl.invoke0(Native Method) ~[na:1.7.0_67]
	at sun.reflect.NativeMethodAccessorImpl.invoke(NativeMethodAccessorImpl.java:57) ~[na:1.7.0_67]
	at sun.reflect.DelegatingMethodAccessorImpl.invoke(DelegatingMethodAccessorImpl.java:43) ~[na:1.7.0_67]
	at java.lang.reflect.Method.invoke(Method.java:606) ~[na:1.7.0_67]
	at org.codehaus.mojo.exec.ExecJavaMojo$1.run(ExecJavaMojo.java:293) [exec-maven-plugin-1.3.2.jar:na]
	at java.lang.Thread.run(Thread.java:745) [na:1.7.0_67]
13:43:00.092 1403 [ContainerSegmenter.main()] ERROR org.ffmpeg - [mpegts @ 0x7fd371575800] H.264 bitstream malformed, no startcode found, use the video bitstream filter 'h264_mp4toannexb' to fix it ('-bsf:v h264_mp4toannexb' option with ffmpeg) 
13:43:00.094 1405 [ContainerSegmenter.main()] ERROR io.humble.video.Exception - FfmpegException::make(finalStr): Could not write packet to muxer : Invalid data found when processing input (-1094995529) (VideoExceptions.cpp:118) 
13:43:00.094 1405 [ContainerSegmenter.main()] DEBUG io.humble.video.Exception - Stack frame [0]: 0   humble4165802757432735738.tmp       0x0000000110a84fdf _ZN2io6humble5ferry16HumbleStackTraceC2Ev + 79 (VideoExceptions.cpp:118) 
13:43:00.094 1405 [ContainerSegmenter.main()] DEBUG io.humble.video.Exception - Stack frame [1]: 1   humble4165802757432735738.tmp       0x0000000110aa1727 _ZN2io6humble5video15FfmpegExceptionC1ERKNSt3__112basic_stringIcNS3_11char_traitsIcEENS3_9allocatorIcEEEE + 55 (VideoExceptions.cpp:118) 
13:43:00.094 1405 [ContainerSegmenter.main()] DEBUG io.humble.video.Exception - Stack frame [2]: 2   humble4165802757432735738.tmp       0x0000000110a9f88e _ZN2io6humble5video15FfmpegException4makeEPKcz + 606 (VideoExceptions.cpp:118) 
13:43:00.094 1405 [ContainerSegmenter.main()] DEBUG io.humble.video.Exception - Stack frame [3]: 3   humble4165802757432735738.tmp       0x0000000110aa11b2 _ZN2io6humble5video15FfmpegException5checkEiPKcz + 6290 (VideoExceptions.cpp:118) 
13:43:00.094 1405 [ContainerSegmenter.main()] DEBUG io.humble.video.Exception - Stack frame [4]: 4   humble4165802757432735738.tmp       0x0000000110aee7fc _ZN2io6humble5video5Muxer5writeEPNS1_11MediaPacketEb + 7084 (VideoExceptions.cpp:118) 
13:43:00.094 1405 [ContainerSegmenter.main()] DEBUG io.humble.video.Exception - Stack frame [5]: 5   humble4165802757432735738.tmp       0x0000000110b651c8 Java_io_humble_video_VideoJNI_Muxer_1write + 200 (VideoExceptions.cpp:118) 
13:43:00.094 1405 [ContainerSegmenter.main()] DEBUG io.humble.video.Exception - Stack frame [6]: 6   ???                                 0x0000000106174758 0x0 + 4397156184 (VideoExceptions.cpp:118) 
13:43:00.190 1501 [Finalizer] ERROR io.humble.video.Muxer - Open Muxer destroyed without Muxer.close() being called. Closing anyway: output.m3u8 (Muxer.cpp:106) 
13:43:00.191 1502 [Finalizer] ERROR io.humble.video.Demuxer - Open Demuxer destroyed without Demuxer.close() being called. Closing anyway: /Users/alex/study/humble-hello/src/main/resources/device.mp4 (DemuxerImpl.cpp:64) 
13:43:32.598 478  [ContainerSegmenter.main()] DEBUG io.humble.ferry.JNILibrary - Failure: library load of library: humblevideo; url: /var/folders/7s/fhgvprvd0r151k1vz2zj84fw0000gn/T/humble7406095712760900289.tmp; error: {} 
java.lang.UnsatisfiedLinkError: /private/var/folders/7s/fhgvprvd0r151k1vz2zj84fw0000gn/T/humble7406095712760900289.tmp: dlopen(/private/var/folders/7s/fhgvprvd0r151k1vz2zj84fw0000gn/T/humble7406095712760900289.tmp, 1): no suitable image found.  Did find:
	/private/var/folders/7s/fhgvprvd0r151k1vz2zj84fw0000gn/T/humble7406095712760900289.tmp: mach-o, but wrong architecture
	at java.lang.ClassLoader$NativeLibrary.load(Native Method) ~[na:1.7.0_67]
	at java.lang.ClassLoader.loadLibrary1(ClassLoader.java:1965) ~[na:1.7.0_67]
	at java.lang.ClassLoader.loadLibrary0(ClassLoader.java:1890) ~[na:1.7.0_67]
	at java.lang.ClassLoader.loadLibrary(ClassLoader.java:1851) ~[na:1.7.0_67]
	at java.lang.Runtime.load0(Runtime.java:795) ~[na:1.7.0_67]
	at java.lang.System.load(System.java:1062) ~[na:1.7.0_67]
	at io.humble.ferry.JNILibrary.doJNILoad(JNILibrary.java:203) [humble-video-noarch-0.2.1.jar:0.2.1]
	at io.humble.ferry.JNILibrary.unpackLibrary(JNILibrary.java:287) [humble-video-noarch-0.2.1.jar:0.2.1]
	at io.humble.ferry.JNILibrary.loadFromClasspath(JNILibrary.java:189) [humble-video-noarch-0.2.1.jar:0.2.1]
	at io.humble.ferry.JNILibrary.load(JNILibrary.java:168) [humble-video-noarch-0.2.1.jar:0.2.1]
	at io.humble.ferry.JNILibrary.load(JNILibrary.java:149) [humble-video-noarch-0.2.1.jar:0.2.1]
	at io.humble.ferry.FerryJNI.<clinit>(FerryJNI.java:16) [humble-video-noarch-0.2.1.jar:0.2.1]
	at io.humble.ferry.Ferry.<clinit>(Ferry.java:24) [humble-video-noarch-0.2.1.jar:0.2.1]
	at io.humble.video.VideoJNI.<clinit>(VideoJNI.java:19) [humble-video-noarch-0.2.1.jar:0.2.1]
	at io.humble.video.Demuxer.make(Demuxer.java:128) [humble-video-noarch-0.2.1.jar:0.2.1]
	at ContainerSegmenter.segmentFile(ContainerSegmenter.java:49) [classes/:na]
	at ContainerSegmenter.main(ContainerSegmenter.java:195) [classes/:na]
	at sun.reflect.NativeMethodAccessorImpl.invoke0(Native Method) ~[na:1.7.0_67]
	at sun.reflect.NativeMethodAccessorImpl.invoke(NativeMethodAccessorImpl.java:57) ~[na:1.7.0_67]
	at sun.reflect.DelegatingMethodAccessorImpl.invoke(DelegatingMethodAccessorImpl.java:43) ~[na:1.7.0_67]
	at java.lang.reflect.Method.invoke(Method.java:606) ~[na:1.7.0_67]
	at org.codehaus.mojo.exec.ExecJavaMojo$1.run(ExecJavaMojo.java:293) [exec-maven-plugin-1.3.2.jar:na]
	at java.lang.Thread.run(Thread.java:745) [na:1.7.0_67]
13:43:33.078 958  [ContainerSegmenter.main()] ERROR org.ffmpeg - [mpegts @ 0x7fa3a22e3800] H.264 bitstream malformed, no startcode found, use the video bitstream filter 'h264_mp4toannexb' to fix it ('-bsf:v h264_mp4toannexb' option with ffmpeg) 
13:43:33.080 960  [ContainerSegmenter.main()] ERROR io.humble.video.Exception - FfmpegException::make(finalStr): Could not write packet to muxer : Invalid data found when processing input (-1094995529) (VideoExceptions.cpp:118) 
13:43:33.080 960  [ContainerSegmenter.main()] DEBUG io.humble.video.Exception - Stack frame [0]: 0   humble1556807583226031550.tmp       0x0000000116fe9fdf _ZN2io6humble5ferry16HumbleStackTraceC2Ev + 79 (VideoExceptions.cpp:118) 
13:43:33.080 960  [ContainerSegmenter.main()] DEBUG io.humble.video.Exception - Stack frame [1]: 1   humble1556807583226031550.tmp       0x0000000117006727 _ZN2io6humble5video15FfmpegExceptionC1ERKNSt3__112basic_stringIcNS3_11char_traitsIcEENS3_9allocatorIcEEEE + 55 (VideoExceptions.cpp:118) 
13:43:33.080 960  [ContainerSegmenter.main()] DEBUG io.humble.video.Exception - Stack frame [2]: 2   humble1556807583226031550.tmp       0x000000011700488e _ZN2io6humble5video15FfmpegException4makeEPKcz + 606 (VideoExceptions.cpp:118) 
13:43:33.080 960  [ContainerSegmenter.main()] DEBUG io.humble.video.Exception - Stack frame [3]: 3   humble1556807583226031550.tmp       0x00000001170061b2 _ZN2io6humble5video15FfmpegException5checkEiPKcz + 6290 (VideoExceptions.cpp:118) 
13:43:33.080 960  [ContainerSegmenter.main()] DEBUG io.humble.video.Exception - Stack frame [4]: 4   humble1556807583226031550.tmp       0x00000001170537fc _ZN2io6humble5video5Muxer5writeEPNS1_11MediaPacketEb + 7084 (VideoExceptions.cpp:118) 
13:43:33.080 960  [ContainerSegmenter.main()] DEBUG io.humble.video.Exception - Stack frame [5]: 5   humble1556807583226031550.tmp       0x00000001170ca1c8 Java_io_humble_video_VideoJNI_Muxer_1write + 200 (VideoExceptions.cpp:118) 
13:43:33.080 960  [ContainerSegmenter.main()] DEBUG io.humble.video.Exception - Stack frame [6]: 6   ???                                 0x000000010c471758 0x0 + 4500952920 (VideoExceptions.cpp:118) 
13:43:33.182 1062 [Finalizer] ERROR io.humble.video.Muxer - Open Muxer destroyed without Muxer.close() being called. Closing anyway: output.m3u8 (Muxer.cpp:106) 
14:07:13.629 803  [ContainerSegmenter.main()] DEBUG io.humble.ferry.JNILibrary - Failure: library load of library: humblevideo; url: /var/folders/7s/fhgvprvd0r151k1vz2zj84fw0000gn/T/humble8845210629834595345.tmp; error: {} 
java.lang.UnsatisfiedLinkError: /private/var/folders/7s/fhgvprvd0r151k1vz2zj84fw0000gn/T/humble8845210629834595345.tmp: dlopen(/private/var/folders/7s/fhgvprvd0r151k1vz2zj84fw0000gn/T/humble8845210629834595345.tmp, 1): no suitable image found.  Did find:
	/private/var/folders/7s/fhgvprvd0r151k1vz2zj84fw0000gn/T/humble8845210629834595345.tmp: mach-o, but wrong architecture
	at java.lang.ClassLoader$NativeLibrary.load(Native Method) ~[na:1.7.0_67]
	at java.lang.ClassLoader.loadLibrary1(ClassLoader.java:1965) ~[na:1.7.0_67]
	at java.lang.ClassLoader.loadLibrary0(ClassLoader.java:1890) ~[na:1.7.0_67]
	at java.lang.ClassLoader.loadLibrary(ClassLoader.java:1851) ~[na:1.7.0_67]
	at java.lang.Runtime.load0(Runtime.java:795) ~[na:1.7.0_67]
	at java.lang.System.load(System.java:1062) ~[na:1.7.0_67]
	at io.humble.ferry.JNILibrary.doJNILoad(JNILibrary.java:203) [humble-video-noarch-0.2.1.jar:0.2.1]
	at io.humble.ferry.JNILibrary.unpackLibrary(JNILibrary.java:287) [humble-video-noarch-0.2.1.jar:0.2.1]
	at io.humble.ferry.JNILibrary.loadFromClasspath(JNILibrary.java:189) [humble-video-noarch-0.2.1.jar:0.2.1]
	at io.humble.ferry.JNILibrary.load(JNILibrary.java:168) [humble-video-noarch-0.2.1.jar:0.2.1]
	at io.humble.ferry.JNILibrary.load(JNILibrary.java:149) [humble-video-noarch-0.2.1.jar:0.2.1]
	at io.humble.ferry.FerryJNI.<clinit>(FerryJNI.java:16) [humble-video-noarch-0.2.1.jar:0.2.1]
	at io.humble.ferry.Ferry.<clinit>(Ferry.java:24) [humble-video-noarch-0.2.1.jar:0.2.1]
	at io.humble.video.VideoJNI.<clinit>(VideoJNI.java:19) [humble-video-noarch-0.2.1.jar:0.2.1]
	at io.humble.video.Demuxer.make(Demuxer.java:128) [humble-video-noarch-0.2.1.jar:0.2.1]
	at ContainerSegmenter.segmentFile(ContainerSegmenter.java:49) [classes/:na]
	at ContainerSegmenter.main(ContainerSegmenter.java:195) [classes/:na]
	at sun.reflect.NativeMethodAccessorImpl.invoke0(Native Method) ~[na:1.7.0_67]
	at sun.reflect.NativeMethodAccessorImpl.invoke(NativeMethodAccessorImpl.java:57) ~[na:1.7.0_67]
	at sun.reflect.DelegatingMethodAccessorImpl.invoke(DelegatingMethodAccessorImpl.java:43) ~[na:1.7.0_67]
	at java.lang.reflect.Method.invoke(Method.java:606) ~[na:1.7.0_67]
	at org.codehaus.mojo.exec.ExecJavaMojo$1.run(ExecJavaMojo.java:293) [exec-maven-plugin-1.3.2.jar:na]
	at java.lang.Thread.run(Thread.java:745) [na:1.7.0_67]
14:07:14.314 1488 [ContainerSegmenter.main()] ERROR io.humble.video.Exception - io::humble::ferry::HumbleIOException(finalStr): Error opening url: /Users/alex/study/humble-hello/src/main/resources/device.mp4; : No such file or directory (-2) (VideoExceptions.cpp:87) 
14:07:14.314 1488 [ContainerSegmenter.main()] DEBUG io.humble.video.Exception - Stack frame [0]: 0   humble1479953894939089750.tmp       0x00000001172dbfdf _ZN2io6humble5ferry16HumbleStackTraceC2Ev + 79 (VideoExceptions.cpp:87) 
14:07:14.314 1488 [ContainerSegmenter.main()] DEBUG io.humble.video.Exception - Stack frame [1]: 1   humble1479953894939089750.tmp       0x00000001172dcf67 _ZN2io6humble5ferry17HumbleIOExceptionC1ERKNSt3__112basic_stringIcNS3_11char_traitsIcEENS3_9allocatorIcEEEE + 55 (VideoExceptions.cpp:87) 
14:07:14.314 1488 [ContainerSegmenter.main()] DEBUG io.humble.video.Exception - Stack frame [2]: 2   humble1479953894939089750.tmp       0x00000001172f76e2 _ZN2io6humble5video15FfmpegException5checkEiPKcz + 3522 (VideoExceptions.cpp:87) 
14:07:14.314 1488 [ContainerSegmenter.main()] DEBUG io.humble.video.Exception - Stack frame [3]: 3   humble1479953894939089750.tmp       0x000000011734977e _ZN2io6humble5video11DemuxerImpl4openEPKcPNS1_13DemuxerFormatEbbPNS1_11KeyValueBagES8_ + 4254 (VideoExceptions.cpp:87) 
14:07:14.314 1488 [ContainerSegmenter.main()] DEBUG io.humble.video.Exception - Stack frame [4]: 4   humble1479953894939089750.tmp       0x00000001173bd373 Java_io_humble_video_VideoJNI_Demuxer_1open + 499 (VideoExceptions.cpp:87) 
14:07:14.314 1488 [ContainerSegmenter.main()] DEBUG io.humble.video.Exception - Stack frame [5]: 5   ???                                 0x000000010ca71758 0x0 + 4507244376 (VideoExceptions.cpp:87) 
14:08:21.937 479  [ContainerSegmenter.main()] DEBUG io.humble.ferry.JNILibrary - Failure: library load of library: humblevideo; url: /var/folders/7s/fhgvprvd0r151k1vz2zj84fw0000gn/T/humble3869328058770559883.tmp; error: {} 
java.lang.UnsatisfiedLinkError: /private/var/folders/7s/fhgvprvd0r151k1vz2zj84fw0000gn/T/humble3869328058770559883.tmp: dlopen(/private/var/folders/7s/fhgvprvd0r151k1vz2zj84fw0000gn/T/humble3869328058770559883.tmp, 1): no suitable image found.  Did find:
	/private/var/folders/7s/fhgvprvd0r151k1vz2zj84fw0000gn/T/humble3869328058770559883.tmp: mach-o, but wrong architecture
	at java.lang.ClassLoader$NativeLibrary.load(Native Method) ~[na:1.7.0_67]
	at java.lang.ClassLoader.loadLibrary1(ClassLoader.java:1965) ~[na:1.7.0_67]
	at java.lang.ClassLoader.loadLibrary0(ClassLoader.java:1890) ~[na:1.7.0_67]
	at java.lang.ClassLoader.loadLibrary(ClassLoader.java:1851) ~[na:1.7.0_67]
	at java.lang.Runtime.load0(Runtime.java:795) ~[na:1.7.0_67]
	at java.lang.System.load(System.java:1062) ~[na:1.7.0_67]
	at io.humble.ferry.JNILibrary.doJNILoad(JNILibrary.java:203) [humble-video-noarch-0.2.1.jar:0.2.1]
	at io.humble.ferry.JNILibrary.unpackLibrary(JNILibrary.java:287) [humble-video-noarch-0.2.1.jar:0.2.1]
	at io.humble.ferry.JNILibrary.loadFromClasspath(JNILibrary.java:189) [humble-video-noarch-0.2.1.jar:0.2.1]
	at io.humble.ferry.JNILibrary.load(JNILibrary.java:168) [humble-video-noarch-0.2.1.jar:0.2.1]
	at io.humble.ferry.JNILibrary.load(JNILibrary.java:149) [humble-video-noarch-0.2.1.jar:0.2.1]
	at io.humble.ferry.FerryJNI.<clinit>(FerryJNI.java:16) [humble-video-noarch-0.2.1.jar:0.2.1]
	at io.humble.ferry.Ferry.<clinit>(Ferry.java:24) [humble-video-noarch-0.2.1.jar:0.2.1]
	at io.humble.video.VideoJNI.<clinit>(VideoJNI.java:19) [humble-video-noarch-0.2.1.jar:0.2.1]
	at io.humble.video.Demuxer.make(Demuxer.java:128) [humble-video-noarch-0.2.1.jar:0.2.1]
	at ContainerSegmenter.segmentFile(ContainerSegmenter.java:49) [classes/:na]
	at ContainerSegmenter.main(ContainerSegmenter.java:195) [classes/:na]
	at sun.reflect.NativeMethodAccessorImpl.invoke0(Native Method) ~[na:1.7.0_67]
	at sun.reflect.NativeMethodAccessorImpl.invoke(NativeMethodAccessorImpl.java:57) ~[na:1.7.0_67]
	at sun.reflect.DelegatingMethodAccessorImpl.invoke(DelegatingMethodAccessorImpl.java:43) ~[na:1.7.0_67]
	at java.lang.reflect.Method.invoke(Method.java:606) ~[na:1.7.0_67]
	at org.codehaus.mojo.exec.ExecJavaMojo$1.run(ExecJavaMojo.java:293) [exec-maven-plugin-1.3.2.jar:na]
	at java.lang.Thread.run(Thread.java:745) [na:1.7.0_67]
14:08:22.403 945  [ContainerSegmenter.main()] ERROR io.humble.video.Exception - io::humble::ferry::HumbleIOException(finalStr): Error opening url: /Users/alex/study/humble-hello/src/main/resources/device.mp4; : No such file or directory (-2) (VideoExceptions.cpp:87) 
14:08:22.403 945  [ContainerSegmenter.main()] DEBUG io.humble.video.Exception - Stack frame [0]: 0   humble1582077945860787296.tmp       0x000000019ecfefdf _ZN2io6humble5ferry16HumbleStackTraceC2Ev + 79 (VideoExceptions.cpp:87) 
14:08:22.403 945  [ContainerSegmenter.main()] DEBUG io.humble.video.Exception - Stack frame [1]: 1   humble1582077945860787296.tmp       0x000000019ecfff67 _ZN2io6humble5ferry17HumbleIOExceptionC1ERKNSt3__112basic_stringIcNS3_11char_traitsIcEENS3_9allocatorIcEEEE + 55 (VideoExceptions.cpp:87) 
14:08:22.403 945  [ContainerSegmenter.main()] DEBUG io.humble.video.Exception - Stack frame [2]: 2   humble1582077945860787296.tmp       0x000000019ed1a6e2 _ZN2io6humble5video15FfmpegException5checkEiPKcz + 3522 (VideoExceptions.cpp:87) 
14:08:22.403 945  [ContainerSegmenter.main()] DEBUG io.humble.video.Exception - Stack frame [3]: 3   humble1582077945860787296.tmp       0x000000019ed6c77e _ZN2io6humble5video11DemuxerImpl4openEPKcPNS1_13DemuxerFormatEbbPNS1_11KeyValueBagES8_ + 4254 (VideoExceptions.cpp:87) 
14:08:22.404 946  [ContainerSegmenter.main()] DEBUG io.humble.video.Exception - Stack frame [4]: 4   humble1582077945860787296.tmp       0x000000019ede0373 Java_io_humble_video_VideoJNI_Demuxer_1open + 499 (VideoExceptions.cpp:87) 
14:08:22.404 946  [ContainerSegmenter.main()] DEBUG io.humble.video.Exception - Stack frame [5]: 5   ???                                 0x000000010eeaa758 0x0 + 4545226584 (VideoExceptions.cpp:87) 
14:08:59.898 464  [ContainerSegmenter.main()] DEBUG io.humble.ferry.JNILibrary - Failure: library load of library: humblevideo; url: /var/folders/7s/fhgvprvd0r151k1vz2zj84fw0000gn/T/humble5150575914526714712.tmp; error: {} 
java.lang.UnsatisfiedLinkError: /private/var/folders/7s/fhgvprvd0r151k1vz2zj84fw0000gn/T/humble5150575914526714712.tmp: dlopen(/private/var/folders/7s/fhgvprvd0r151k1vz2zj84fw0000gn/T/humble5150575914526714712.tmp, 1): no suitable image found.  Did find:
	/private/var/folders/7s/fhgvprvd0r151k1vz2zj84fw0000gn/T/humble5150575914526714712.tmp: mach-o, but wrong architecture
	at java.lang.ClassLoader$NativeLibrary.load(Native Method) ~[na:1.7.0_67]
	at java.lang.ClassLoader.loadLibrary1(ClassLoader.java:1965) ~[na:1.7.0_67]
	at java.lang.ClassLoader.loadLibrary0(ClassLoader.java:1890) ~[na:1.7.0_67]
	at java.lang.ClassLoader.loadLibrary(ClassLoader.java:1851) ~[na:1.7.0_67]
	at java.lang.Runtime.load0(Runtime.java:795) ~[na:1.7.0_67]
	at java.lang.System.load(System.java:1062) ~[na:1.7.0_67]
	at io.humble.ferry.JNILibrary.doJNILoad(JNILibrary.java:203) [humble-video-noarch-0.2.1.jar:0.2.1]
	at io.humble.ferry.JNILibrary.unpackLibrary(JNILibrary.java:287) [humble-video-noarch-0.2.1.jar:0.2.1]
	at io.humble.ferry.JNILibrary.loadFromClasspath(JNILibrary.java:189) [humble-video-noarch-0.2.1.jar:0.2.1]
	at io.humble.ferry.JNILibrary.load(JNILibrary.java:168) [humble-video-noarch-0.2.1.jar:0.2.1]
	at io.humble.ferry.JNILibrary.load(JNILibrary.java:149) [humble-video-noarch-0.2.1.jar:0.2.1]
	at io.humble.ferry.FerryJNI.<clinit>(FerryJNI.java:16) [humble-video-noarch-0.2.1.jar:0.2.1]
	at io.humble.ferry.Ferry.<clinit>(Ferry.java:24) [humble-video-noarch-0.2.1.jar:0.2.1]
	at io.humble.video.VideoJNI.<clinit>(VideoJNI.java:19) [humble-video-noarch-0.2.1.jar:0.2.1]
	at io.humble.video.Demuxer.make(Demuxer.java:128) [humble-video-noarch-0.2.1.jar:0.2.1]
	at ContainerSegmenter.segmentFile(ContainerSegmenter.java:49) [classes/:na]
	at ContainerSegmenter.main(ContainerSegmenter.java:195) [classes/:na]
	at sun.reflect.NativeMethodAccessorImpl.invoke0(Native Method) ~[na:1.7.0_67]
	at sun.reflect.NativeMethodAccessorImpl.invoke(NativeMethodAccessorImpl.java:57) ~[na:1.7.0_67]
	at sun.reflect.DelegatingMethodAccessorImpl.invoke(DelegatingMethodAccessorImpl.java:43) ~[na:1.7.0_67]
	at java.lang.reflect.Method.invoke(Method.java:606) ~[na:1.7.0_67]
	at org.codehaus.mojo.exec.ExecJavaMojo$1.run(ExecJavaMojo.java:293) [exec-maven-plugin-1.3.2.jar:na]
	at java.lang.Thread.run(Thread.java:745) [na:1.7.0_67]
14:09:00.269 835  [ContainerSegmenter.main()] ERROR io.humble.video.Exception - io::humble::ferry::HumbleIOException(finalStr): Error opening url: /Users/alex/study/humble-hello/src/main/resources/device.mp4; : No such file or directory (-2) (VideoExceptions.cpp:87) 
14:09:00.269 835  [ContainerSegmenter.main()] DEBUG io.humble.video.Exception - Stack frame [0]: 0   humble4787427001790479654.tmp       0x000000019ad0bfdf _ZN2io6humble5ferry16HumbleStackTraceC2Ev + 79 (VideoExceptions.cpp:87) 
14:09:00.269 835  [ContainerSegmenter.main()] DEBUG io.humble.video.Exception - Stack frame [1]: 1   humble4787427001790479654.tmp       0x000000019ad0cf67 _ZN2io6humble5ferry17HumbleIOExceptionC1ERKNSt3__112basic_stringIcNS3_11char_traitsIcEENS3_9allocatorIcEEEE + 55 (VideoExceptions.cpp:87) 
14:09:00.269 835  [ContainerSegmenter.main()] DEBUG io.humble.video.Exception - Stack frame [2]: 2   humble4787427001790479654.tmp       0x000000019ad276e2 _ZN2io6humble5video15FfmpegException5checkEiPKcz + 3522 (VideoExceptions.cpp:87) 
14:09:00.269 835  [ContainerSegmenter.main()] DEBUG io.humble.video.Exception - Stack frame [3]: 3   humble4787427001790479654.tmp       0x000000019ad7977e _ZN2io6humble5video11DemuxerImpl4openEPKcPNS1_13DemuxerFormatEbbPNS1_11KeyValueBagES8_ + 4254 (VideoExceptions.cpp:87) 
14:09:00.269 835  [ContainerSegmenter.main()] DEBUG io.humble.video.Exception - Stack frame [4]: 4   humble4787427001790479654.tmp       0x000000019aded373 Java_io_humble_video_VideoJNI_Demuxer_1open + 499 (VideoExceptions.cpp:87) 
14:09:00.269 835  [ContainerSegmenter.main()] DEBUG io.humble.video.Exception - Stack frame [5]: 5   ???                                 0x000000010b1d5758 0x0 + 4481439576 (VideoExceptions.cpp:87) 
14:09:36.564 461  [ContainerSegmenter.main()] DEBUG io.humble.ferry.JNILibrary - Failure: library load of library: humblevideo; url: /var/folders/7s/fhgvprvd0r151k1vz2zj84fw0000gn/T/humble2687371117690679052.tmp; error: {} 
java.lang.UnsatisfiedLinkError: /private/var/folders/7s/fhgvprvd0r151k1vz2zj84fw0000gn/T/humble2687371117690679052.tmp: dlopen(/private/var/folders/7s/fhgvprvd0r151k1vz2zj84fw0000gn/T/humble2687371117690679052.tmp, 1): no suitable image found.  Did find:
	/private/var/folders/7s/fhgvprvd0r151k1vz2zj84fw0000gn/T/humble2687371117690679052.tmp: mach-o, but wrong architecture
	at java.lang.ClassLoader$NativeLibrary.load(Native Method) ~[na:1.7.0_67]
	at java.lang.ClassLoader.loadLibrary1(ClassLoader.java:1965) ~[na:1.7.0_67]
	at java.lang.ClassLoader.loadLibrary0(ClassLoader.java:1890) ~[na:1.7.0_67]
	at java.lang.ClassLoader.loadLibrary(ClassLoader.java:1851) ~[na:1.7.0_67]
	at java.lang.Runtime.load0(Runtime.java:795) ~[na:1.7.0_67]
	at java.lang.System.load(System.java:1062) ~[na:1.7.0_67]
	at io.humble.ferry.JNILibrary.doJNILoad(JNILibrary.java:203) [humble-video-noarch-0.2.1.jar:0.2.1]
	at io.humble.ferry.JNILibrary.unpackLibrary(JNILibrary.java:287) [humble-video-noarch-0.2.1.jar:0.2.1]
	at io.humble.ferry.JNILibrary.loadFromClasspath(JNILibrary.java:189) [humble-video-noarch-0.2.1.jar:0.2.1]
	at io.humble.ferry.JNILibrary.load(JNILibrary.java:168) [humble-video-noarch-0.2.1.jar:0.2.1]
	at io.humble.ferry.JNILibrary.load(JNILibrary.java:149) [humble-video-noarch-0.2.1.jar:0.2.1]
	at io.humble.ferry.FerryJNI.<clinit>(FerryJNI.java:16) [humble-video-noarch-0.2.1.jar:0.2.1]
	at io.humble.ferry.Ferry.<clinit>(Ferry.java:24) [humble-video-noarch-0.2.1.jar:0.2.1]
	at io.humble.video.VideoJNI.<clinit>(VideoJNI.java:19) [humble-video-noarch-0.2.1.jar:0.2.1]
	at io.humble.video.Demuxer.make(Demuxer.java:128) [humble-video-noarch-0.2.1.jar:0.2.1]
	at ContainerSegmenter.segmentFile(ContainerSegmenter.java:49) [classes/:na]
	at ContainerSegmenter.main(ContainerSegmenter.java:195) [classes/:na]
	at sun.reflect.NativeMethodAccessorImpl.invoke0(Native Method) ~[na:1.7.0_67]
	at sun.reflect.NativeMethodAccessorImpl.invoke(NativeMethodAccessorImpl.java:57) ~[na:1.7.0_67]
	at sun.reflect.DelegatingMethodAccessorImpl.invoke(DelegatingMethodAccessorImpl.java:43) ~[na:1.7.0_67]
	at java.lang.reflect.Method.invoke(Method.java:606) ~[na:1.7.0_67]
	at org.codehaus.mojo.exec.ExecJavaMojo$1.run(ExecJavaMojo.java:293) [exec-maven-plugin-1.3.2.jar:na]
	at java.lang.Thread.run(Thread.java:745) [na:1.7.0_67]
14:09:37.071 968  [ContainerSegmenter.main()] ERROR org.ffmpeg - [mpegts @ 0x7fdd14c82800] H.264 bitstream malformed, no startcode found, use the video bitstream filter 'h264_mp4toannexb' to fix it ('-bsf:v h264_mp4toannexb' option with ffmpeg) 
14:09:37.072 969  [ContainerSegmenter.main()] ERROR io.humble.video.Exception - FfmpegException::make(finalStr): Could not write packet to muxer : Invalid data found when processing input (-1094995529) (VideoExceptions.cpp:118) 
14:09:37.072 969  [ContainerSegmenter.main()] DEBUG io.humble.video.Exception - Stack frame [0]: 0   humble6575186670728708634.tmp       0x000000010e9f2fdf _ZN2io6humble5ferry16HumbleStackTraceC2Ev + 79 (VideoExceptions.cpp:118) 
14:09:37.072 969  [ContainerSegmenter.main()] DEBUG io.humble.video.Exception - Stack frame [1]: 1   humble6575186670728708634.tmp       0x000000010ea0f727 _ZN2io6humble5video15FfmpegExceptionC1ERKNSt3__112basic_stringIcNS3_11char_traitsIcEENS3_9allocatorIcEEEE + 55 (VideoExceptions.cpp:118) 
14:09:37.072 969  [ContainerSegmenter.main()] DEBUG io.humble.video.Exception - Stack frame [2]: 2   humble6575186670728708634.tmp       0x000000010ea0d88e _ZN2io6humble5video15FfmpegException4makeEPKcz + 606 (VideoExceptions.cpp:118) 
14:09:37.072 969  [ContainerSegmenter.main()] DEBUG io.humble.video.Exception - Stack frame [3]: 3   humble6575186670728708634.tmp       0x000000010ea0f1b2 _ZN2io6humble5video15FfmpegException5checkEiPKcz + 6290 (VideoExceptions.cpp:118) 
14:09:37.072 969  [ContainerSegmenter.main()] DEBUG io.humble.video.Exception - Stack frame [4]: 4   humble6575186670728708634.tmp       0x000000010ea5c7fc _ZN2io6humble5video5Muxer5writeEPNS1_11MediaPacketEb + 7084 (VideoExceptions.cpp:118) 
14:09:37.072 969  [ContainerSegmenter.main()] DEBUG io.humble.video.Exception - Stack frame [5]: 5   humble6575186670728708634.tmp       0x000000010ead31c8 Java_io_humble_video_VideoJNI_Muxer_1write + 200 (VideoExceptions.cpp:118) 
14:09:37.072 969  [ContainerSegmenter.main()] DEBUG io.humble.video.Exception - Stack frame [6]: 6   ???                                 0x0000000104174758 0x0 + 4363601752 (VideoExceptions.cpp:118) 
14:09:53.486 482  [ContainerSegmenter.main()] DEBUG io.humble.ferry.JNILibrary - Failure: library load of library: humblevideo; url: /var/folders/7s/fhgvprvd0r151k1vz2zj84fw0000gn/T/humble5031731729754274068.tmp; error: {} 
java.lang.UnsatisfiedLinkError: /private/var/folders/7s/fhgvprvd0r151k1vz2zj84fw0000gn/T/humble5031731729754274068.tmp: dlopen(/private/var/folders/7s/fhgvprvd0r151k1vz2zj84fw0000gn/T/humble5031731729754274068.tmp, 1): no suitable image found.  Did find:
	/private/var/folders/7s/fhgvprvd0r151k1vz2zj84fw0000gn/T/humble5031731729754274068.tmp: mach-o, but wrong architecture
	at java.lang.ClassLoader$NativeLibrary.load(Native Method) ~[na:1.7.0_67]
	at java.lang.ClassLoader.loadLibrary1(ClassLoader.java:1965) ~[na:1.7.0_67]
	at java.lang.ClassLoader.loadLibrary0(ClassLoader.java:1890) ~[na:1.7.0_67]
	at java.lang.ClassLoader.loadLibrary(ClassLoader.java:1851) ~[na:1.7.0_67]
	at java.lang.Runtime.load0(Runtime.java:795) ~[na:1.7.0_67]
	at java.lang.System.load(System.java:1062) ~[na:1.7.0_67]
	at io.humble.ferry.JNILibrary.doJNILoad(JNILibrary.java:203) [humble-video-noarch-0.2.1.jar:0.2.1]
	at io.humble.ferry.JNILibrary.unpackLibrary(JNILibrary.java:287) [humble-video-noarch-0.2.1.jar:0.2.1]
	at io.humble.ferry.JNILibrary.loadFromClasspath(JNILibrary.java:189) [humble-video-noarch-0.2.1.jar:0.2.1]
	at io.humble.ferry.JNILibrary.load(JNILibrary.java:168) [humble-video-noarch-0.2.1.jar:0.2.1]
	at io.humble.ferry.JNILibrary.load(JNILibrary.java:149) [humble-video-noarch-0.2.1.jar:0.2.1]
	at io.humble.ferry.FerryJNI.<clinit>(FerryJNI.java:16) [humble-video-noarch-0.2.1.jar:0.2.1]
	at io.humble.ferry.Ferry.<clinit>(Ferry.java:24) [humble-video-noarch-0.2.1.jar:0.2.1]
	at io.humble.video.VideoJNI.<clinit>(VideoJNI.java:19) [humble-video-noarch-0.2.1.jar:0.2.1]
	at io.humble.video.Demuxer.make(Demuxer.java:128) [humble-video-noarch-0.2.1.jar:0.2.1]
	at ContainerSegmenter.segmentFile(ContainerSegmenter.java:49) [classes/:na]
	at ContainerSegmenter.main(ContainerSegmenter.java:195) [classes/:na]
	at sun.reflect.NativeMethodAccessorImpl.invoke0(Native Method) ~[na:1.7.0_67]
	at sun.reflect.NativeMethodAccessorImpl.invoke(NativeMethodAccessorImpl.java:57) ~[na:1.7.0_67]
	at sun.reflect.DelegatingMethodAccessorImpl.invoke(DelegatingMethodAccessorImpl.java:43) ~[na:1.7.0_67]
	at java.lang.reflect.Method.invoke(Method.java:606) ~[na:1.7.0_67]
	at org.codehaus.mojo.exec.ExecJavaMojo$1.run(ExecJavaMojo.java:293) [exec-maven-plugin-1.3.2.jar:na]
	at java.lang.Thread.run(Thread.java:745) [na:1.7.0_67]
14:09:53.968 964  [ContainerSegmenter.main()] ERROR org.ffmpeg - [mpegts @ 0x7f843bc74000] H.264 bitstream malformed, no startcode found, use the video bitstream filter 'h264_mp4toannexb' to fix it ('-bsf:v h264_mp4toannexb' option with ffmpeg) 
14:09:53.970 966  [ContainerSegmenter.main()] ERROR io.humble.video.Exception - FfmpegException::make(finalStr): Could not write packet to muxer : Invalid data found when processing input (-1094995529) (VideoExceptions.cpp:118) 
14:09:53.970 966  [ContainerSegmenter.main()] DEBUG io.humble.video.Exception - Stack frame [0]: 0   humble8830766418496319035.tmp       0x00000001101ebfdf _ZN2io6humble5ferry16HumbleStackTraceC2Ev + 79 (VideoExceptions.cpp:118) 
14:09:53.970 966  [ContainerSegmenter.main()] DEBUG io.humble.video.Exception - Stack frame [1]: 1   humble8830766418496319035.tmp       0x0000000110208727 _ZN2io6humble5video15FfmpegExceptionC1ERKNSt3__112basic_stringIcNS3_11char_traitsIcEENS3_9allocatorIcEEEE + 55 (VideoExceptions.cpp:118) 
14:09:53.970 966  [ContainerSegmenter.main()] DEBUG io.humble.video.Exception - Stack frame [2]: 2   humble8830766418496319035.tmp       0x000000011020688e _ZN2io6humble5video15FfmpegException4makeEPKcz + 606 (VideoExceptions.cpp:118) 
14:09:53.970 966  [ContainerSegmenter.main()] DEBUG io.humble.video.Exception - Stack frame [3]: 3   humble8830766418496319035.tmp       0x00000001102081b2 _ZN2io6humble5video15FfmpegException5checkEiPKcz + 6290 (VideoExceptions.cpp:118) 
14:09:53.970 966  [ContainerSegmenter.main()] DEBUG io.humble.video.Exception - Stack frame [4]: 4   humble8830766418496319035.tmp       0x00000001102557fc _ZN2io6humble5video5Muxer5writeEPNS1_11MediaPacketEb + 7084 (VideoExceptions.cpp:118) 
14:09:53.970 966  [ContainerSegmenter.main()] DEBUG io.humble.video.Exception - Stack frame [5]: 5   humble8830766418496319035.tmp       0x00000001102cc1c8 Java_io_humble_video_VideoJNI_Muxer_1write + 200 (VideoExceptions.cpp:118) 
14:09:53.970 966  [ContainerSegmenter.main()] DEBUG io.humble.video.Exception - Stack frame [6]: 6   ???                                 0x0000000105974758 0x0 + 4388767576 (VideoExceptions.cpp:118) 
